<!doctype html public "-//w3c//dtd html 4.0 transitional//en">
<html><head>
<title>Static Call Graph - [debug\hello_world.out]</title></head>
<body><HR>
<H1>Static Call Graph for image debug\hello_world.out</H1><HR>
<BR><P>#&#060CALLGRAPH&#062# ARM Linker, 6140002: Last Updated: Wed Sep 30 09:40:15 2020
<BR><P>
<H3>Maximum Stack Usage =        712 bytes + Unknown(Functions without stacksize, Cycles, Untraceable Function Pointers)</H3><H3>
Call chain for Maximum Stack Depth:</H3>
main &rArr; BOARD_InitDebugConsole &rArr; DbgConsole_Init &rArr; SerialManager_Init &rArr; Serial_UartInit &rArr; HAL_UartInit &rArr; LPUART_Init &rArr; CLOCK_EnableClock &rArr; CLOCK_ControlGate &rArr; __aeabi_assert &rArr; DbgConsole_Printf &rArr; StrFormatPrintf &rArr; PrintOutputxX
<P>
<H3>
Functions with no stack information
</H3><UL>
 <LI><a href="#[1]">Reset_Handler</a>
 <LI><a href="#[86]">ACMP1_IRQHandler</a>
 <LI><a href="#[87]">ACMP2_IRQHandler</a>
 <LI><a href="#[88]">ACMP3_IRQHandler</a>
 <LI><a href="#[89]">ACMP4_IRQHandler</a>
 <LI><a href="#[4e]">ADC1_IRQHandler</a>
 <LI><a href="#[4f]">ADC2_IRQHandler</a>
 <LI><a href="#[84]">ADC_ETC_ERROR_IRQ_IRQHandler</a>
 <LI><a href="#[81]">ADC_ETC_IRQ0_IRQHandler</a>
 <LI><a href="#[82]">ADC_ETC_IRQ1_IRQHandler</a>
 <LI><a href="#[83]">ADC_ETC_IRQ2_IRQHandler</a>
 <LI><a href="#[42]">BEE_IRQHandler</a>
 <LI><a href="#[5]">BusFault_Handler</a>
 <LI><a href="#[cd]">CAN1_DriverIRQHandler</a>
 <LI><a href="#[ce]">CAN2_DriverIRQHandler</a>
 <LI><a href="#[de]">CAN3_DriverIRQHandler</a>
 <LI><a href="#[6a]">CCM_1_IRQHandler</a>
 <LI><a href="#[6b]">CCM_2_IRQHandler</a>
 <LI><a href="#[1e]">CORE_IRQHandler</a>
 <LI><a href="#[36]">CSI_IRQHandler</a>
 <LI><a href="#[3c]">CSU_IRQHandler</a>
 <LI><a href="#[1c]">CTI0_ERROR_IRQHandler</a>
 <LI><a href="#[1d]">CTI1_ERROR_IRQHandler</a>
 <LI><a href="#[50]">DCDC_IRQHandler</a>
 <LI><a href="#[3d]">DCP_IRQHandler</a>
 <LI><a href="#[3e]">DCP_VMI_IRQHandler</a>
 <LI><a href="#[ac]">DMA0_DMA16_DriverIRQHandler</a>
 <LI><a href="#[b6]">DMA10_DMA26_DriverIRQHandler</a>
 <LI><a href="#[b7]">DMA11_DMA27_DriverIRQHandler</a>
 <LI><a href="#[b8]">DMA12_DMA28_DriverIRQHandler</a>
 <LI><a href="#[b9]">DMA13_DMA29_DriverIRQHandler</a>
 <LI><a href="#[ba]">DMA14_DMA30_DriverIRQHandler</a>
 <LI><a href="#[bb]">DMA15_DMA31_DriverIRQHandler</a>
 <LI><a href="#[ad]">DMA1_DMA17_DriverIRQHandler</a>
 <LI><a href="#[ae]">DMA2_DMA18_DriverIRQHandler</a>
 <LI><a href="#[af]">DMA3_DMA19_DriverIRQHandler</a>
 <LI><a href="#[b0]">DMA4_DMA20_DriverIRQHandler</a>
 <LI><a href="#[b1]">DMA5_DMA21_DriverIRQHandler</a>
 <LI><a href="#[b2]">DMA6_DMA22_DriverIRQHandler</a>
 <LI><a href="#[b3]">DMA7_DMA23_DriverIRQHandler</a>
 <LI><a href="#[b4]">DMA8_DMA24_DriverIRQHandler</a>
 <LI><a href="#[b5]">DMA9_DMA25_DriverIRQHandler</a>
 <LI><a href="#[bc]">DMA_ERROR_DriverIRQHandler</a>
 <LI><a href="#[8]">DebugMon_Handler</a>
 <LI><a href="#[0]">DefaultISR</a>
 <LI><a href="#[8c]">ENC1_IRQHandler</a>
 <LI><a href="#[8d]">ENC2_IRQHandler</a>
 <LI><a href="#[8e]">ENC3_IRQHandler</a>
 <LI><a href="#[8f]">ENC4_IRQHandler</a>
 <LI><a href="#[dd]">ENET2_1588_Timer_DriverIRQHandler</a>
 <LI><a href="#[dc]">ENET2_DriverIRQHandler</a>
 <LI><a href="#[db]">ENET_1588_Timer_DriverIRQHandler</a>
 <LI><a href="#[da]">ENET_DriverIRQHandler</a>
 <LI><a href="#[69]">EWM_IRQHandler</a>
 <LI><a href="#[d4]">FLEXIO1_DriverIRQHandler</a>
 <LI><a href="#[d5]">FLEXIO2_DriverIRQHandler</a>
 <LI><a href="#[df]">FLEXIO3_DriverIRQHandler</a>
 <LI><a href="#[31]">FLEXRAM_IRQHandler</a>
 <LI><a href="#[d6]">FLEXSPI2_DriverIRQHandler</a>
 <LI><a href="#[d7]">FLEXSPI_DriverIRQHandler</a>
 <LI><a href="#[6c]">GPC_IRQHandler</a>
 <LI><a href="#[5b]">GPIO1_Combined_0_15_IRQHandler</a>
 <LI><a href="#[5c]">GPIO1_Combined_16_31_IRQHandler</a>
 <LI><a href="#[53]">GPIO1_INT0_IRQHandler</a>
 <LI><a href="#[54]">GPIO1_INT1_IRQHandler</a>
 <LI><a href="#[55]">GPIO1_INT2_IRQHandler</a>
 <LI><a href="#[56]">GPIO1_INT3_IRQHandler</a>
 <LI><a href="#[57]">GPIO1_INT4_IRQHandler</a>
 <LI><a href="#[58]">GPIO1_INT5_IRQHandler</a>
 <LI><a href="#[59]">GPIO1_INT6_IRQHandler</a>
 <LI><a href="#[5a]">GPIO1_INT7_IRQHandler</a>
 <LI><a href="#[5d]">GPIO2_Combined_0_15_IRQHandler</a>
 <LI><a href="#[5e]">GPIO2_Combined_16_31_IRQHandler</a>
 <LI><a href="#[5f]">GPIO3_Combined_0_15_IRQHandler</a>
 <LI><a href="#[60]">GPIO3_Combined_16_31_IRQHandler</a>
 <LI><a href="#[61]">GPIO4_Combined_0_15_IRQHandler</a>
 <LI><a href="#[62]">GPIO4_Combined_16_31_IRQHandler</a>
 <LI><a href="#[63]">GPIO5_Combined_0_15_IRQHandler</a>
 <LI><a href="#[64]">GPIO5_Combined_16_31_IRQHandler</a>
 <LI><a href="#[a8]">GPIO6_7_8_9_IRQHandler</a>
 <LI><a href="#[34]">GPR_IRQ_IRQHandler</a>
 <LI><a href="#[6f]">GPT1_IRQHandler</a>
 <LI><a href="#[70]">GPT2_IRQHandler</a>
 <LI><a href="#[32]">KPP_IRQHandler</a>
 <LI><a href="#[35]">LCDIF_IRQHandler</a>
 <LI><a href="#[c5]">LPI2C1_DriverIRQHandler</a>
 <LI><a href="#[c6]">LPI2C2_DriverIRQHandler</a>
 <LI><a href="#[c7]">LPI2C3_DriverIRQHandler</a>
 <LI><a href="#[c8]">LPI2C4_DriverIRQHandler</a>
 <LI><a href="#[c9]">LPSPI1_DriverIRQHandler</a>
 <LI><a href="#[ca]">LPSPI2_DriverIRQHandler</a>
 <LI><a href="#[cb]">LPSPI3_DriverIRQHandler</a>
 <LI><a href="#[cc]">LPSPI4_DriverIRQHandler</a>
 <LI><a href="#[4]">MemManage_Handler</a>
 <LI><a href="#[85]">PIT_IRQHandler</a>
 <LI><a href="#[48]">PMU_EVENT_IRQHandler</a>
 <LI><a href="#[71]">PWM1_0_IRQHandler</a>
 <LI><a href="#[72]">PWM1_1_IRQHandler</a>
 <LI><a href="#[73]">PWM1_2_IRQHandler</a>
 <LI><a href="#[74]">PWM1_3_IRQHandler</a>
 <LI><a href="#[75]">PWM1_FAULT_IRQHandler</a>
 <LI><a href="#[94]">PWM2_0_IRQHandler</a>
 <LI><a href="#[95]">PWM2_1_IRQHandler</a>
 <LI><a href="#[96]">PWM2_2_IRQHandler</a>
 <LI><a href="#[97]">PWM2_3_IRQHandler</a>
 <LI><a href="#[98]">PWM2_FAULT_IRQHandler</a>
 <LI><a href="#[99]">PWM3_0_IRQHandler</a>
 <LI><a href="#[9a]">PWM3_1_IRQHandler</a>
 <LI><a href="#[9b]">PWM3_2_IRQHandler</a>
 <LI><a href="#[9c]">PWM3_3_IRQHandler</a>
 <LI><a href="#[9d]">PWM3_FAULT_IRQHandler</a>
 <LI><a href="#[9e]">PWM4_0_IRQHandler</a>
 <LI><a href="#[9f]">PWM4_1_IRQHandler</a>
 <LI><a href="#[a0]">PWM4_2_IRQHandler</a>
 <LI><a href="#[a1]">PWM4_3_IRQHandler</a>
 <LI><a href="#[a2]">PWM4_FAULT_IRQHandler</a>
 <LI><a href="#[37]">PXP_IRQHandler</a>
 <LI><a href="#[68]">RTWDOG_IRQHandler</a>
 <LI><a href="#[6e]">Reserved115_IRQHandler</a>
 <LI><a href="#[8a]">Reserved143_IRQHandler</a>
 <LI><a href="#[8b]">Reserved144_IRQHandler</a>
 <LI><a href="#[a6]">Reserved171_IRQHandler</a>
 <LI><a href="#[3f]">Reserved68_IRQHandler</a>
 <LI><a href="#[49]">Reserved78_IRQHandler</a>
 <LI><a href="#[51]">Reserved86_IRQHandler</a>
 <LI><a href="#[52]">Reserved87_IRQHandler</a>
 <LI><a href="#[cf]">SAI1_DriverIRQHandler</a>
 <LI><a href="#[d0]">SAI2_DriverIRQHandler</a>
 <LI><a href="#[d1]">SAI3_RX_DriverIRQHandler</a>
 <LI><a href="#[d2]">SAI3_TX_DriverIRQHandler</a>
 <LI><a href="#[78]">SEMC_IRQHandler</a>
 <LI><a href="#[41]">SJC_IRQHandler</a>
 <LI><a href="#[39]">SNVS_HP_WRAPPER_IRQHandler</a>
 <LI><a href="#[3a]">SNVS_HP_WRAPPER_TZ_IRQHandler</a>
 <LI><a href="#[3b]">SNVS_LP_WRAPPER_IRQHandler</a>
 <LI><a href="#[d3]">SPDIF_DriverIRQHandler</a>
 <LI><a href="#[6d]">SRC_IRQHandler</a>
 <LI><a href="#[4a]">TEMP_LOW_HIGH_IRQHandler</a>
 <LI><a href="#[4b]">TEMP_PANIC_IRQHandler</a>
 <LI><a href="#[90]">TMR1_IRQHandler</a>
 <LI><a href="#[91]">TMR2_IRQHandler</a>
 <LI><a href="#[92]">TMR3_IRQHandler</a>
 <LI><a href="#[93]">TMR4_IRQHandler</a>
 <LI><a href="#[40]">TRNG_IRQHandler</a>
 <LI><a href="#[33]">TSC_DIG_IRQHandler</a>
 <LI><a href="#[7c]">USB_OTG1_IRQHandler</a>
 <LI><a href="#[7b]">USB_OTG2_IRQHandler</a>
 <LI><a href="#[4c]">USB_PHY1_IRQHandler</a>
 <LI><a href="#[4d]">USB_PHY2_IRQHandler</a>
 <LI><a href="#[d8]">USDHC1_DriverIRQHandler</a>
 <LI><a href="#[d9]">USDHC2_DriverIRQHandler</a>
 <LI><a href="#[6]">UsageFault_Handler</a>
 <LI><a href="#[67]">WDOG1_IRQHandler</a>
 <LI><a href="#[38]">WDOG2_IRQHandler</a>
 <LI><a href="#[7f]">XBAR1_IRQ_0_1_IRQHandler</a>
 <LI><a href="#[80]">XBAR1_IRQ_2_3_IRQHandler</a>
 <LI><a href="#[2]">NMI_Handler</a>
 <LI><a href="#[7]">SVC_Handler</a>
 <LI><a href="#[9]">PendSV_Handler</a>
 <LI><a href="#[a]">SysTick_Handler</a>
 <LI><a href="#[b]">DMA0_DMA16_IRQHandler</a>
 <LI><a href="#[c]">DMA1_DMA17_IRQHandler</a>
 <LI><a href="#[d]">DMA2_DMA18_IRQHandler</a>
 <LI><a href="#[e]">DMA3_DMA19_IRQHandler</a>
 <LI><a href="#[f]">DMA4_DMA20_IRQHandler</a>
 <LI><a href="#[10]">DMA5_DMA21_IRQHandler</a>
 <LI><a href="#[11]">DMA6_DMA22_IRQHandler</a>
 <LI><a href="#[12]">DMA7_DMA23_IRQHandler</a>
 <LI><a href="#[13]">DMA8_DMA24_IRQHandler</a>
 <LI><a href="#[14]">DMA9_DMA25_IRQHandler</a>
 <LI><a href="#[15]">DMA10_DMA26_IRQHandler</a>
 <LI><a href="#[16]">DMA11_DMA27_IRQHandler</a>
 <LI><a href="#[17]">DMA12_DMA28_IRQHandler</a>
 <LI><a href="#[18]">DMA13_DMA29_IRQHandler</a>
 <LI><a href="#[19]">DMA14_DMA30_IRQHandler</a>
 <LI><a href="#[1a]">DMA15_DMA31_IRQHandler</a>
 <LI><a href="#[1b]">DMA_ERROR_IRQHandler</a>
 <LI><a href="#[1f]">LPUART1_IRQHandler</a>
 <LI><a href="#[20]">LPUART2_IRQHandler</a>
 <LI><a href="#[21]">LPUART3_IRQHandler</a>
 <LI><a href="#[22]">LPUART4_IRQHandler</a>
 <LI><a href="#[23]">LPUART5_IRQHandler</a>
 <LI><a href="#[24]">LPUART6_IRQHandler</a>
 <LI><a href="#[25]">LPUART7_IRQHandler</a>
 <LI><a href="#[26]">LPUART8_IRQHandler</a>
 <LI><a href="#[27]">LPI2C1_IRQHandler</a>
 <LI><a href="#[28]">LPI2C2_IRQHandler</a>
 <LI><a href="#[29]">LPI2C3_IRQHandler</a>
 <LI><a href="#[2a]">LPI2C4_IRQHandler</a>
 <LI><a href="#[2b]">LPSPI1_IRQHandler</a>
 <LI><a href="#[2c]">LPSPI2_IRQHandler</a>
 <LI><a href="#[2d]">LPSPI3_IRQHandler</a>
 <LI><a href="#[2e]">LPSPI4_IRQHandler</a>
 <LI><a href="#[2f]">CAN1_IRQHandler</a>
 <LI><a href="#[30]">CAN2_IRQHandler</a>
 <LI><a href="#[43]">SAI1_IRQHandler</a>
 <LI><a href="#[44]">SAI2_IRQHandler</a>
 <LI><a href="#[45]">SAI3_RX_IRQHandler</a>
 <LI><a href="#[46]">SAI3_TX_IRQHandler</a>
 <LI><a href="#[47]">SPDIF_IRQHandler</a>
 <LI><a href="#[65]">FLEXIO1_IRQHandler</a>
 <LI><a href="#[66]">FLEXIO2_IRQHandler</a>
 <LI><a href="#[76]">FLEXSPI2_IRQHandler</a>
 <LI><a href="#[77]">FLEXSPI_IRQHandler</a>
 <LI><a href="#[79]">USDHC1_IRQHandler</a>
 <LI><a href="#[7a]">USDHC2_IRQHandler</a>
 <LI><a href="#[7d]">ENET_IRQHandler</a>
 <LI><a href="#[7e]">ENET_1588_Timer_IRQHandler</a>
 <LI><a href="#[a3]">ENET2_IRQHandler</a>
 <LI><a href="#[a4]">ENET2_1588_Timer_IRQHandler</a>
 <LI><a href="#[a5]">CAN3_IRQHandler</a>
 <LI><a href="#[a7]">FLEXIO3_IRQHandler</a>
</UL>
</UL>
<P>
<H3>
Mutually Recursive functions
</H3> <LI><a href="#[117]">DbgConsole_SendDataReliable</a>&nbsp;&nbsp;&nbsp;&rArr;&nbsp;&nbsp;&nbsp;<a href="#[ff]">__aeabi_assert</a><BR>
 <LI><a href="#[129]">SerialManager_Write</a>&nbsp;&nbsp;&nbsp;&rArr;&nbsp;&nbsp;&nbsp;<a href="#[ff]">__aeabi_assert</a><BR>
 <LI><a href="#[128]">Serial_UartWrite</a>&nbsp;&nbsp;&nbsp;&rArr;&nbsp;&nbsp;&nbsp;<a href="#[ff]">__aeabi_assert</a><BR>
 <LI><a href="#[120]">HAL_UartSendBlocking</a>&nbsp;&nbsp;&nbsp;&rArr;&nbsp;&nbsp;&nbsp;<a href="#[ff]">__aeabi_assert</a><BR>
 <LI><a href="#[121]">LPUART_WriteBlocking</a>&nbsp;&nbsp;&nbsp;&rArr;&nbsp;&nbsp;&nbsp;<a href="#[ff]">__aeabi_assert</a><BR>
</UL>
<P>
<H3>
Function Pointers
</H3><UL>
 <LI><a href="#[86]">ACMP1_IRQHandler</a> from startup_mimxrt1062.o(.text) referenced from startup_mimxrt1062.o(.isr_vector)
 <LI><a href="#[87]">ACMP2_IRQHandler</a> from startup_mimxrt1062.o(.text) referenced from startup_mimxrt1062.o(.isr_vector)
 <LI><a href="#[88]">ACMP3_IRQHandler</a> from startup_mimxrt1062.o(.text) referenced from startup_mimxrt1062.o(.isr_vector)
 <LI><a href="#[89]">ACMP4_IRQHandler</a> from startup_mimxrt1062.o(.text) referenced from startup_mimxrt1062.o(.isr_vector)
 <LI><a href="#[4e]">ADC1_IRQHandler</a> from startup_mimxrt1062.o(.text) referenced from startup_mimxrt1062.o(.isr_vector)
 <LI><a href="#[4f]">ADC2_IRQHandler</a> from startup_mimxrt1062.o(.text) referenced from startup_mimxrt1062.o(.isr_vector)
 <LI><a href="#[84]">ADC_ETC_ERROR_IRQ_IRQHandler</a> from startup_mimxrt1062.o(.text) referenced from startup_mimxrt1062.o(.isr_vector)
 <LI><a href="#[81]">ADC_ETC_IRQ0_IRQHandler</a> from startup_mimxrt1062.o(.text) referenced from startup_mimxrt1062.o(.isr_vector)
 <LI><a href="#[82]">ADC_ETC_IRQ1_IRQHandler</a> from startup_mimxrt1062.o(.text) referenced from startup_mimxrt1062.o(.isr_vector)
 <LI><a href="#[83]">ADC_ETC_IRQ2_IRQHandler</a> from startup_mimxrt1062.o(.text) referenced from startup_mimxrt1062.o(.isr_vector)
 <LI><a href="#[42]">BEE_IRQHandler</a> from startup_mimxrt1062.o(.text) referenced from startup_mimxrt1062.o(.isr_vector)
 <LI><a href="#[5]">BusFault_Handler</a> from startup_mimxrt1062.o(.text) referenced from startup_mimxrt1062.o(.isr_vector)
 <LI><a href="#[cd]">CAN1_DriverIRQHandler</a> from startup_mimxrt1062.o(.text) referenced from startup_mimxrt1062.o(.text)
 <LI><a href="#[2f]">CAN1_IRQHandler</a> from startup_mimxrt1062.o(.text) referenced from startup_mimxrt1062.o(.isr_vector)
 <LI><a href="#[ce]">CAN2_DriverIRQHandler</a> from startup_mimxrt1062.o(.text) referenced from startup_mimxrt1062.o(.text)
 <LI><a href="#[30]">CAN2_IRQHandler</a> from startup_mimxrt1062.o(.text) referenced from startup_mimxrt1062.o(.isr_vector)
 <LI><a href="#[de]">CAN3_DriverIRQHandler</a> from startup_mimxrt1062.o(.text) referenced from startup_mimxrt1062.o(.text)
 <LI><a href="#[a5]">CAN3_IRQHandler</a> from startup_mimxrt1062.o(.text) referenced from startup_mimxrt1062.o(.isr_vector)
 <LI><a href="#[6a]">CCM_1_IRQHandler</a> from startup_mimxrt1062.o(.text) referenced from startup_mimxrt1062.o(.isr_vector)
 <LI><a href="#[6b]">CCM_2_IRQHandler</a> from startup_mimxrt1062.o(.text) referenced from startup_mimxrt1062.o(.isr_vector)
 <LI><a href="#[1e]">CORE_IRQHandler</a> from startup_mimxrt1062.o(.text) referenced from startup_mimxrt1062.o(.isr_vector)
 <LI><a href="#[36]">CSI_IRQHandler</a> from startup_mimxrt1062.o(.text) referenced from startup_mimxrt1062.o(.isr_vector)
 <LI><a href="#[3c]">CSU_IRQHandler</a> from startup_mimxrt1062.o(.text) referenced from startup_mimxrt1062.o(.isr_vector)
 <LI><a href="#[1c]">CTI0_ERROR_IRQHandler</a> from startup_mimxrt1062.o(.text) referenced from startup_mimxrt1062.o(.isr_vector)
 <LI><a href="#[1d]">CTI1_ERROR_IRQHandler</a> from startup_mimxrt1062.o(.text) referenced from startup_mimxrt1062.o(.isr_vector)
 <LI><a href="#[50]">DCDC_IRQHandler</a> from startup_mimxrt1062.o(.text) referenced from startup_mimxrt1062.o(.isr_vector)
 <LI><a href="#[3d]">DCP_IRQHandler</a> from startup_mimxrt1062.o(.text) referenced from startup_mimxrt1062.o(.isr_vector)
 <LI><a href="#[3e]">DCP_VMI_IRQHandler</a> from startup_mimxrt1062.o(.text) referenced from startup_mimxrt1062.o(.isr_vector)
 <LI><a href="#[ac]">DMA0_DMA16_DriverIRQHandler</a> from startup_mimxrt1062.o(.text) referenced from startup_mimxrt1062.o(.text)
 <LI><a href="#[b]">DMA0_DMA16_IRQHandler</a> from startup_mimxrt1062.o(.text) referenced from startup_mimxrt1062.o(.isr_vector)
 <LI><a href="#[b6]">DMA10_DMA26_DriverIRQHandler</a> from startup_mimxrt1062.o(.text) referenced from startup_mimxrt1062.o(.text)
 <LI><a href="#[15]">DMA10_DMA26_IRQHandler</a> from startup_mimxrt1062.o(.text) referenced from startup_mimxrt1062.o(.isr_vector)
 <LI><a href="#[b7]">DMA11_DMA27_DriverIRQHandler</a> from startup_mimxrt1062.o(.text) referenced from startup_mimxrt1062.o(.text)
 <LI><a href="#[16]">DMA11_DMA27_IRQHandler</a> from startup_mimxrt1062.o(.text) referenced from startup_mimxrt1062.o(.isr_vector)
 <LI><a href="#[b8]">DMA12_DMA28_DriverIRQHandler</a> from startup_mimxrt1062.o(.text) referenced from startup_mimxrt1062.o(.text)
 <LI><a href="#[17]">DMA12_DMA28_IRQHandler</a> from startup_mimxrt1062.o(.text) referenced from startup_mimxrt1062.o(.isr_vector)
 <LI><a href="#[b9]">DMA13_DMA29_DriverIRQHandler</a> from startup_mimxrt1062.o(.text) referenced from startup_mimxrt1062.o(.text)
 <LI><a href="#[18]">DMA13_DMA29_IRQHandler</a> from startup_mimxrt1062.o(.text) referenced from startup_mimxrt1062.o(.isr_vector)
 <LI><a href="#[ba]">DMA14_DMA30_DriverIRQHandler</a> from startup_mimxrt1062.o(.text) referenced from startup_mimxrt1062.o(.text)
 <LI><a href="#[19]">DMA14_DMA30_IRQHandler</a> from startup_mimxrt1062.o(.text) referenced from startup_mimxrt1062.o(.isr_vector)
 <LI><a href="#[bb]">DMA15_DMA31_DriverIRQHandler</a> from startup_mimxrt1062.o(.text) referenced from startup_mimxrt1062.o(.text)
 <LI><a href="#[1a]">DMA15_DMA31_IRQHandler</a> from startup_mimxrt1062.o(.text) referenced from startup_mimxrt1062.o(.isr_vector)
 <LI><a href="#[ad]">DMA1_DMA17_DriverIRQHandler</a> from startup_mimxrt1062.o(.text) referenced from startup_mimxrt1062.o(.text)
 <LI><a href="#[c]">DMA1_DMA17_IRQHandler</a> from startup_mimxrt1062.o(.text) referenced from startup_mimxrt1062.o(.isr_vector)
 <LI><a href="#[ae]">DMA2_DMA18_DriverIRQHandler</a> from startup_mimxrt1062.o(.text) referenced from startup_mimxrt1062.o(.text)
 <LI><a href="#[d]">DMA2_DMA18_IRQHandler</a> from startup_mimxrt1062.o(.text) referenced from startup_mimxrt1062.o(.isr_vector)
 <LI><a href="#[af]">DMA3_DMA19_DriverIRQHandler</a> from startup_mimxrt1062.o(.text) referenced from startup_mimxrt1062.o(.text)
 <LI><a href="#[e]">DMA3_DMA19_IRQHandler</a> from startup_mimxrt1062.o(.text) referenced from startup_mimxrt1062.o(.isr_vector)
 <LI><a href="#[b0]">DMA4_DMA20_DriverIRQHandler</a> from startup_mimxrt1062.o(.text) referenced from startup_mimxrt1062.o(.text)
 <LI><a href="#[f]">DMA4_DMA20_IRQHandler</a> from startup_mimxrt1062.o(.text) referenced from startup_mimxrt1062.o(.isr_vector)
 <LI><a href="#[b1]">DMA5_DMA21_DriverIRQHandler</a> from startup_mimxrt1062.o(.text) referenced from startup_mimxrt1062.o(.text)
 <LI><a href="#[10]">DMA5_DMA21_IRQHandler</a> from startup_mimxrt1062.o(.text) referenced from startup_mimxrt1062.o(.isr_vector)
 <LI><a href="#[b2]">DMA6_DMA22_DriverIRQHandler</a> from startup_mimxrt1062.o(.text) referenced from startup_mimxrt1062.o(.text)
 <LI><a href="#[11]">DMA6_DMA22_IRQHandler</a> from startup_mimxrt1062.o(.text) referenced from startup_mimxrt1062.o(.isr_vector)
 <LI><a href="#[b3]">DMA7_DMA23_DriverIRQHandler</a> from startup_mimxrt1062.o(.text) referenced from startup_mimxrt1062.o(.text)
 <LI><a href="#[12]">DMA7_DMA23_IRQHandler</a> from startup_mimxrt1062.o(.text) referenced from startup_mimxrt1062.o(.isr_vector)
 <LI><a href="#[b4]">DMA8_DMA24_DriverIRQHandler</a> from startup_mimxrt1062.o(.text) referenced from startup_mimxrt1062.o(.text)
 <LI><a href="#[13]">DMA8_DMA24_IRQHandler</a> from startup_mimxrt1062.o(.text) referenced from startup_mimxrt1062.o(.isr_vector)
 <LI><a href="#[b5]">DMA9_DMA25_DriverIRQHandler</a> from startup_mimxrt1062.o(.text) referenced from startup_mimxrt1062.o(.text)
 <LI><a href="#[14]">DMA9_DMA25_IRQHandler</a> from startup_mimxrt1062.o(.text) referenced from startup_mimxrt1062.o(.isr_vector)
 <LI><a href="#[bc]">DMA_ERROR_DriverIRQHandler</a> from startup_mimxrt1062.o(.text) referenced from startup_mimxrt1062.o(.text)
 <LI><a href="#[1b]">DMA_ERROR_IRQHandler</a> from startup_mimxrt1062.o(.text) referenced from startup_mimxrt1062.o(.isr_vector)
 <LI><a href="#[e0]">DbgConsole_PrintCallback</a> from fsl_debug_console.o(.text.DbgConsole_PrintCallback) referenced 2 times from fsl_debug_console.o(.text.DbgConsole_Printf)
 <LI><a href="#[8]">DebugMon_Handler</a> from startup_mimxrt1062.o(.text) referenced from startup_mimxrt1062.o(.isr_vector)
 <LI><a href="#[0]">DefaultISR</a> from startup_mimxrt1062.o(.text) referenced 2 times from fsl_lpuart.o(.data.s_lpuartIsr)
 <LI><a href="#[0]">DefaultISR</a> from startup_mimxrt1062.o(.text) referenced 81 times from startup_mimxrt1062.o(.isr_vector)
 <LI><a href="#[8c]">ENC1_IRQHandler</a> from startup_mimxrt1062.o(.text) referenced from startup_mimxrt1062.o(.isr_vector)
 <LI><a href="#[8d]">ENC2_IRQHandler</a> from startup_mimxrt1062.o(.text) referenced from startup_mimxrt1062.o(.isr_vector)
 <LI><a href="#[8e]">ENC3_IRQHandler</a> from startup_mimxrt1062.o(.text) referenced from startup_mimxrt1062.o(.isr_vector)
 <LI><a href="#[8f]">ENC4_IRQHandler</a> from startup_mimxrt1062.o(.text) referenced from startup_mimxrt1062.o(.isr_vector)
 <LI><a href="#[dd]">ENET2_1588_Timer_DriverIRQHandler</a> from startup_mimxrt1062.o(.text) referenced from startup_mimxrt1062.o(.text)
 <LI><a href="#[a4]">ENET2_1588_Timer_IRQHandler</a> from startup_mimxrt1062.o(.text) referenced from startup_mimxrt1062.o(.isr_vector)
 <LI><a href="#[dc]">ENET2_DriverIRQHandler</a> from startup_mimxrt1062.o(.text) referenced from startup_mimxrt1062.o(.text)
 <LI><a href="#[a3]">ENET2_IRQHandler</a> from startup_mimxrt1062.o(.text) referenced from startup_mimxrt1062.o(.isr_vector)
 <LI><a href="#[db]">ENET_1588_Timer_DriverIRQHandler</a> from startup_mimxrt1062.o(.text) referenced from startup_mimxrt1062.o(.text)
 <LI><a href="#[7e]">ENET_1588_Timer_IRQHandler</a> from startup_mimxrt1062.o(.text) referenced from startup_mimxrt1062.o(.isr_vector)
 <LI><a href="#[da]">ENET_DriverIRQHandler</a> from startup_mimxrt1062.o(.text) referenced from startup_mimxrt1062.o(.text)
 <LI><a href="#[7d]">ENET_IRQHandler</a> from startup_mimxrt1062.o(.text) referenced from startup_mimxrt1062.o(.isr_vector)
 <LI><a href="#[69]">EWM_IRQHandler</a> from startup_mimxrt1062.o(.text) referenced from startup_mimxrt1062.o(.isr_vector)
 <LI><a href="#[d4]">FLEXIO1_DriverIRQHandler</a> from startup_mimxrt1062.o(.text) referenced from startup_mimxrt1062.o(.text)
 <LI><a href="#[65]">FLEXIO1_IRQHandler</a> from startup_mimxrt1062.o(.text) referenced from startup_mimxrt1062.o(.isr_vector)
 <LI><a href="#[d5]">FLEXIO2_DriverIRQHandler</a> from startup_mimxrt1062.o(.text) referenced from startup_mimxrt1062.o(.text)
 <LI><a href="#[66]">FLEXIO2_IRQHandler</a> from startup_mimxrt1062.o(.text) referenced from startup_mimxrt1062.o(.isr_vector)
 <LI><a href="#[df]">FLEXIO3_DriverIRQHandler</a> from startup_mimxrt1062.o(.text) referenced from startup_mimxrt1062.o(.text)
 <LI><a href="#[a7]">FLEXIO3_IRQHandler</a> from startup_mimxrt1062.o(.text) referenced from startup_mimxrt1062.o(.isr_vector)
 <LI><a href="#[31]">FLEXRAM_IRQHandler</a> from startup_mimxrt1062.o(.text) referenced from startup_mimxrt1062.o(.isr_vector)
 <LI><a href="#[d6]">FLEXSPI2_DriverIRQHandler</a> from startup_mimxrt1062.o(.text) referenced from startup_mimxrt1062.o(.text)
 <LI><a href="#[76]">FLEXSPI2_IRQHandler</a> from startup_mimxrt1062.o(.text) referenced from startup_mimxrt1062.o(.isr_vector)
 <LI><a href="#[d7]">FLEXSPI_DriverIRQHandler</a> from startup_mimxrt1062.o(.text) referenced from startup_mimxrt1062.o(.text)
 <LI><a href="#[77]">FLEXSPI_IRQHandler</a> from startup_mimxrt1062.o(.text) referenced from startup_mimxrt1062.o(.isr_vector)
 <LI><a href="#[6c]">GPC_IRQHandler</a> from startup_mimxrt1062.o(.text) referenced from startup_mimxrt1062.o(.isr_vector)
 <LI><a href="#[5b]">GPIO1_Combined_0_15_IRQHandler</a> from startup_mimxrt1062.o(.text) referenced from startup_mimxrt1062.o(.isr_vector)
 <LI><a href="#[5c]">GPIO1_Combined_16_31_IRQHandler</a> from startup_mimxrt1062.o(.text) referenced from startup_mimxrt1062.o(.isr_vector)
 <LI><a href="#[53]">GPIO1_INT0_IRQHandler</a> from startup_mimxrt1062.o(.text) referenced from startup_mimxrt1062.o(.isr_vector)
 <LI><a href="#[54]">GPIO1_INT1_IRQHandler</a> from startup_mimxrt1062.o(.text) referenced from startup_mimxrt1062.o(.isr_vector)
 <LI><a href="#[55]">GPIO1_INT2_IRQHandler</a> from startup_mimxrt1062.o(.text) referenced from startup_mimxrt1062.o(.isr_vector)
 <LI><a href="#[56]">GPIO1_INT3_IRQHandler</a> from startup_mimxrt1062.o(.text) referenced from startup_mimxrt1062.o(.isr_vector)
 <LI><a href="#[57]">GPIO1_INT4_IRQHandler</a> from startup_mimxrt1062.o(.text) referenced from startup_mimxrt1062.o(.isr_vector)
 <LI><a href="#[58]">GPIO1_INT5_IRQHandler</a> from startup_mimxrt1062.o(.text) referenced from startup_mimxrt1062.o(.isr_vector)
 <LI><a href="#[59]">GPIO1_INT6_IRQHandler</a> from startup_mimxrt1062.o(.text) referenced from startup_mimxrt1062.o(.isr_vector)
 <LI><a href="#[5a]">GPIO1_INT7_IRQHandler</a> from startup_mimxrt1062.o(.text) referenced from startup_mimxrt1062.o(.isr_vector)
 <LI><a href="#[5d]">GPIO2_Combined_0_15_IRQHandler</a> from startup_mimxrt1062.o(.text) referenced from startup_mimxrt1062.o(.isr_vector)
 <LI><a href="#[5e]">GPIO2_Combined_16_31_IRQHandler</a> from startup_mimxrt1062.o(.text) referenced from startup_mimxrt1062.o(.isr_vector)
 <LI><a href="#[5f]">GPIO3_Combined_0_15_IRQHandler</a> from startup_mimxrt1062.o(.text) referenced from startup_mimxrt1062.o(.isr_vector)
 <LI><a href="#[60]">GPIO3_Combined_16_31_IRQHandler</a> from startup_mimxrt1062.o(.text) referenced from startup_mimxrt1062.o(.isr_vector)
 <LI><a href="#[61]">GPIO4_Combined_0_15_IRQHandler</a> from startup_mimxrt1062.o(.text) referenced from startup_mimxrt1062.o(.isr_vector)
 <LI><a href="#[62]">GPIO4_Combined_16_31_IRQHandler</a> from startup_mimxrt1062.o(.text) referenced from startup_mimxrt1062.o(.isr_vector)
 <LI><a href="#[63]">GPIO5_Combined_0_15_IRQHandler</a> from startup_mimxrt1062.o(.text) referenced from startup_mimxrt1062.o(.isr_vector)
 <LI><a href="#[64]">GPIO5_Combined_16_31_IRQHandler</a> from startup_mimxrt1062.o(.text) referenced from startup_mimxrt1062.o(.isr_vector)
 <LI><a href="#[a8]">GPIO6_7_8_9_IRQHandler</a> from startup_mimxrt1062.o(.text) referenced from startup_mimxrt1062.o(.isr_vector)
 <LI><a href="#[34]">GPR_IRQ_IRQHandler</a> from startup_mimxrt1062.o(.text) referenced from startup_mimxrt1062.o(.isr_vector)
 <LI><a href="#[6f]">GPT1_IRQHandler</a> from startup_mimxrt1062.o(.text) referenced from startup_mimxrt1062.o(.isr_vector)
 <LI><a href="#[70]">GPT2_IRQHandler</a> from startup_mimxrt1062.o(.text) referenced from startup_mimxrt1062.o(.isr_vector)
 <LI><a href="#[3]">HardFault_Handler</a> from hello_world.o(.text.HardFault_Handler) referenced from startup_mimxrt1062.o(.isr_vector)
 <LI><a href="#[3]">HardFault_Handler</a> from hello_world.o(.text.HardFault_Handler) referenced from startup_mimxrt1062.o(.text)
 <LI><a href="#[32]">KPP_IRQHandler</a> from startup_mimxrt1062.o(.text) referenced from startup_mimxrt1062.o(.isr_vector)
 <LI><a href="#[35]">LCDIF_IRQHandler</a> from startup_mimxrt1062.o(.text) referenced from startup_mimxrt1062.o(.isr_vector)
 <LI><a href="#[c5]">LPI2C1_DriverIRQHandler</a> from startup_mimxrt1062.o(.text) referenced from startup_mimxrt1062.o(.text)
 <LI><a href="#[27]">LPI2C1_IRQHandler</a> from startup_mimxrt1062.o(.text) referenced from startup_mimxrt1062.o(.isr_vector)
 <LI><a href="#[c6]">LPI2C2_DriverIRQHandler</a> from startup_mimxrt1062.o(.text) referenced from startup_mimxrt1062.o(.text)
 <LI><a href="#[28]">LPI2C2_IRQHandler</a> from startup_mimxrt1062.o(.text) referenced from startup_mimxrt1062.o(.isr_vector)
 <LI><a href="#[c7]">LPI2C3_DriverIRQHandler</a> from startup_mimxrt1062.o(.text) referenced from startup_mimxrt1062.o(.text)
 <LI><a href="#[29]">LPI2C3_IRQHandler</a> from startup_mimxrt1062.o(.text) referenced from startup_mimxrt1062.o(.isr_vector)
 <LI><a href="#[c8]">LPI2C4_DriverIRQHandler</a> from startup_mimxrt1062.o(.text) referenced from startup_mimxrt1062.o(.text)
 <LI><a href="#[2a]">LPI2C4_IRQHandler</a> from startup_mimxrt1062.o(.text) referenced from startup_mimxrt1062.o(.isr_vector)
 <LI><a href="#[c9]">LPSPI1_DriverIRQHandler</a> from startup_mimxrt1062.o(.text) referenced from startup_mimxrt1062.o(.text)
 <LI><a href="#[2b]">LPSPI1_IRQHandler</a> from startup_mimxrt1062.o(.text) referenced from startup_mimxrt1062.o(.isr_vector)
 <LI><a href="#[ca]">LPSPI2_DriverIRQHandler</a> from startup_mimxrt1062.o(.text) referenced from startup_mimxrt1062.o(.text)
 <LI><a href="#[2c]">LPSPI2_IRQHandler</a> from startup_mimxrt1062.o(.text) referenced from startup_mimxrt1062.o(.isr_vector)
 <LI><a href="#[cb]">LPSPI3_DriverIRQHandler</a> from startup_mimxrt1062.o(.text) referenced from startup_mimxrt1062.o(.text)
 <LI><a href="#[2d]">LPSPI3_IRQHandler</a> from startup_mimxrt1062.o(.text) referenced from startup_mimxrt1062.o(.isr_vector)
 <LI><a href="#[cc]">LPSPI4_DriverIRQHandler</a> from startup_mimxrt1062.o(.text) referenced from startup_mimxrt1062.o(.text)
 <LI><a href="#[2e]">LPSPI4_IRQHandler</a> from startup_mimxrt1062.o(.text) referenced from startup_mimxrt1062.o(.isr_vector)
 <LI><a href="#[bd]">LPUART1_DriverIRQHandler</a> from fsl_lpuart.o(.text.LPUART1_DriverIRQHandler) referenced from startup_mimxrt1062.o(.text)
 <LI><a href="#[1f]">LPUART1_IRQHandler</a> from startup_mimxrt1062.o(.text) referenced from startup_mimxrt1062.o(.isr_vector)
 <LI><a href="#[be]">LPUART2_DriverIRQHandler</a> from fsl_lpuart.o(.text.LPUART2_DriverIRQHandler) referenced from startup_mimxrt1062.o(.text)
 <LI><a href="#[20]">LPUART2_IRQHandler</a> from startup_mimxrt1062.o(.text) referenced from startup_mimxrt1062.o(.isr_vector)
 <LI><a href="#[bf]">LPUART3_DriverIRQHandler</a> from fsl_lpuart.o(.text.LPUART3_DriverIRQHandler) referenced from startup_mimxrt1062.o(.text)
 <LI><a href="#[21]">LPUART3_IRQHandler</a> from startup_mimxrt1062.o(.text) referenced from startup_mimxrt1062.o(.isr_vector)
 <LI><a href="#[c0]">LPUART4_DriverIRQHandler</a> from fsl_lpuart.o(.text.LPUART4_DriverIRQHandler) referenced from startup_mimxrt1062.o(.text)
 <LI><a href="#[22]">LPUART4_IRQHandler</a> from startup_mimxrt1062.o(.text) referenced from startup_mimxrt1062.o(.isr_vector)
 <LI><a href="#[c1]">LPUART5_DriverIRQHandler</a> from fsl_lpuart.o(.text.LPUART5_DriverIRQHandler) referenced from startup_mimxrt1062.o(.text)
 <LI><a href="#[23]">LPUART5_IRQHandler</a> from startup_mimxrt1062.o(.text) referenced from startup_mimxrt1062.o(.isr_vector)
 <LI><a href="#[c2]">LPUART6_DriverIRQHandler</a> from fsl_lpuart.o(.text.LPUART6_DriverIRQHandler) referenced from startup_mimxrt1062.o(.text)
 <LI><a href="#[24]">LPUART6_IRQHandler</a> from startup_mimxrt1062.o(.text) referenced from startup_mimxrt1062.o(.isr_vector)
 <LI><a href="#[c3]">LPUART7_DriverIRQHandler</a> from fsl_lpuart.o(.text.LPUART7_DriverIRQHandler) referenced from startup_mimxrt1062.o(.text)
 <LI><a href="#[25]">LPUART7_IRQHandler</a> from startup_mimxrt1062.o(.text) referenced from startup_mimxrt1062.o(.isr_vector)
 <LI><a href="#[c4]">LPUART8_DriverIRQHandler</a> from fsl_lpuart.o(.text.LPUART8_DriverIRQHandler) referenced from startup_mimxrt1062.o(.text)
 <LI><a href="#[26]">LPUART8_IRQHandler</a> from startup_mimxrt1062.o(.text) referenced from startup_mimxrt1062.o(.isr_vector)
 <LI><a href="#[4]">MemManage_Handler</a> from startup_mimxrt1062.o(.text) referenced from startup_mimxrt1062.o(.isr_vector)
 <LI><a href="#[2]">NMI_Handler</a> from startup_mimxrt1062.o(.text) referenced from startup_mimxrt1062.o(.isr_vector)
 <LI><a href="#[2]">NMI_Handler</a> from startup_mimxrt1062.o(.text) referenced from startup_mimxrt1062.o(.text)
 <LI><a href="#[85]">PIT_IRQHandler</a> from startup_mimxrt1062.o(.text) referenced from startup_mimxrt1062.o(.isr_vector)
 <LI><a href="#[48]">PMU_EVENT_IRQHandler</a> from startup_mimxrt1062.o(.text) referenced from startup_mimxrt1062.o(.isr_vector)
 <LI><a href="#[71]">PWM1_0_IRQHandler</a> from startup_mimxrt1062.o(.text) referenced from startup_mimxrt1062.o(.isr_vector)
 <LI><a href="#[72]">PWM1_1_IRQHandler</a> from startup_mimxrt1062.o(.text) referenced from startup_mimxrt1062.o(.isr_vector)
 <LI><a href="#[73]">PWM1_2_IRQHandler</a> from startup_mimxrt1062.o(.text) referenced from startup_mimxrt1062.o(.isr_vector)
 <LI><a href="#[74]">PWM1_3_IRQHandler</a> from startup_mimxrt1062.o(.text) referenced from startup_mimxrt1062.o(.isr_vector)
 <LI><a href="#[75]">PWM1_FAULT_IRQHandler</a> from startup_mimxrt1062.o(.text) referenced from startup_mimxrt1062.o(.isr_vector)
 <LI><a href="#[94]">PWM2_0_IRQHandler</a> from startup_mimxrt1062.o(.text) referenced from startup_mimxrt1062.o(.isr_vector)
 <LI><a href="#[95]">PWM2_1_IRQHandler</a> from startup_mimxrt1062.o(.text) referenced from startup_mimxrt1062.o(.isr_vector)
 <LI><a href="#[96]">PWM2_2_IRQHandler</a> from startup_mimxrt1062.o(.text) referenced from startup_mimxrt1062.o(.isr_vector)
 <LI><a href="#[97]">PWM2_3_IRQHandler</a> from startup_mimxrt1062.o(.text) referenced from startup_mimxrt1062.o(.isr_vector)
 <LI><a href="#[98]">PWM2_FAULT_IRQHandler</a> from startup_mimxrt1062.o(.text) referenced from startup_mimxrt1062.o(.isr_vector)
 <LI><a href="#[99]">PWM3_0_IRQHandler</a> from startup_mimxrt1062.o(.text) referenced from startup_mimxrt1062.o(.isr_vector)
 <LI><a href="#[9a]">PWM3_1_IRQHandler</a> from startup_mimxrt1062.o(.text) referenced from startup_mimxrt1062.o(.isr_vector)
 <LI><a href="#[9b]">PWM3_2_IRQHandler</a> from startup_mimxrt1062.o(.text) referenced from startup_mimxrt1062.o(.isr_vector)
 <LI><a href="#[9c]">PWM3_3_IRQHandler</a> from startup_mimxrt1062.o(.text) referenced from startup_mimxrt1062.o(.isr_vector)
 <LI><a href="#[9d]">PWM3_FAULT_IRQHandler</a> from startup_mimxrt1062.o(.text) referenced from startup_mimxrt1062.o(.isr_vector)
 <LI><a href="#[9e]">PWM4_0_IRQHandler</a> from startup_mimxrt1062.o(.text) referenced from startup_mimxrt1062.o(.isr_vector)
 <LI><a href="#[9f]">PWM4_1_IRQHandler</a> from startup_mimxrt1062.o(.text) referenced from startup_mimxrt1062.o(.isr_vector)
 <LI><a href="#[a0]">PWM4_2_IRQHandler</a> from startup_mimxrt1062.o(.text) referenced from startup_mimxrt1062.o(.isr_vector)
 <LI><a href="#[a1]">PWM4_3_IRQHandler</a> from startup_mimxrt1062.o(.text) referenced from startup_mimxrt1062.o(.isr_vector)
 <LI><a href="#[a2]">PWM4_FAULT_IRQHandler</a> from startup_mimxrt1062.o(.text) referenced from startup_mimxrt1062.o(.isr_vector)
 <LI><a href="#[37]">PXP_IRQHandler</a> from startup_mimxrt1062.o(.text) referenced from startup_mimxrt1062.o(.isr_vector)
 <LI><a href="#[9]">PendSV_Handler</a> from startup_mimxrt1062.o(.text) referenced from startup_mimxrt1062.o(.isr_vector)
 <LI><a href="#[9]">PendSV_Handler</a> from startup_mimxrt1062.o(.text) referenced from startup_mimxrt1062.o(.text)
 <LI><a href="#[68]">RTWDOG_IRQHandler</a> from startup_mimxrt1062.o(.text) referenced from startup_mimxrt1062.o(.isr_vector)
 <LI><a href="#[6e]">Reserved115_IRQHandler</a> from startup_mimxrt1062.o(.text) referenced from startup_mimxrt1062.o(.isr_vector)
 <LI><a href="#[8a]">Reserved143_IRQHandler</a> from startup_mimxrt1062.o(.text) referenced from startup_mimxrt1062.o(.isr_vector)
 <LI><a href="#[8b]">Reserved144_IRQHandler</a> from startup_mimxrt1062.o(.text) referenced from startup_mimxrt1062.o(.isr_vector)
 <LI><a href="#[a6]">Reserved171_IRQHandler</a> from startup_mimxrt1062.o(.text) referenced from startup_mimxrt1062.o(.isr_vector)
 <LI><a href="#[3f]">Reserved68_IRQHandler</a> from startup_mimxrt1062.o(.text) referenced from startup_mimxrt1062.o(.isr_vector)
 <LI><a href="#[49]">Reserved78_IRQHandler</a> from startup_mimxrt1062.o(.text) referenced from startup_mimxrt1062.o(.isr_vector)
 <LI><a href="#[51]">Reserved86_IRQHandler</a> from startup_mimxrt1062.o(.text) referenced from startup_mimxrt1062.o(.isr_vector)
 <LI><a href="#[52]">Reserved87_IRQHandler</a> from startup_mimxrt1062.o(.text) referenced from startup_mimxrt1062.o(.isr_vector)
 <LI><a href="#[1]">Reset_Handler</a> from startup_mimxrt1062.o(.text) referenced from startup_mimxrt1062.o(.isr_vector)
 <LI><a href="#[cf]">SAI1_DriverIRQHandler</a> from startup_mimxrt1062.o(.text) referenced from startup_mimxrt1062.o(.text)
 <LI><a href="#[43]">SAI1_IRQHandler</a> from startup_mimxrt1062.o(.text) referenced from startup_mimxrt1062.o(.isr_vector)
 <LI><a href="#[d0]">SAI2_DriverIRQHandler</a> from startup_mimxrt1062.o(.text) referenced from startup_mimxrt1062.o(.text)
 <LI><a href="#[44]">SAI2_IRQHandler</a> from startup_mimxrt1062.o(.text) referenced from startup_mimxrt1062.o(.isr_vector)
 <LI><a href="#[d1]">SAI3_RX_DriverIRQHandler</a> from startup_mimxrt1062.o(.text) referenced from startup_mimxrt1062.o(.text)
 <LI><a href="#[45]">SAI3_RX_IRQHandler</a> from startup_mimxrt1062.o(.text) referenced from startup_mimxrt1062.o(.isr_vector)
 <LI><a href="#[d2]">SAI3_TX_DriverIRQHandler</a> from startup_mimxrt1062.o(.text) referenced from startup_mimxrt1062.o(.text)
 <LI><a href="#[46]">SAI3_TX_IRQHandler</a> from startup_mimxrt1062.o(.text) referenced from startup_mimxrt1062.o(.isr_vector)
 <LI><a href="#[78]">SEMC_IRQHandler</a> from startup_mimxrt1062.o(.text) referenced from startup_mimxrt1062.o(.isr_vector)
 <LI><a href="#[41]">SJC_IRQHandler</a> from startup_mimxrt1062.o(.text) referenced from startup_mimxrt1062.o(.isr_vector)
 <LI><a href="#[39]">SNVS_HP_WRAPPER_IRQHandler</a> from startup_mimxrt1062.o(.text) referenced from startup_mimxrt1062.o(.isr_vector)
 <LI><a href="#[3a]">SNVS_HP_WRAPPER_TZ_IRQHandler</a> from startup_mimxrt1062.o(.text) referenced from startup_mimxrt1062.o(.isr_vector)
 <LI><a href="#[3b]">SNVS_LP_WRAPPER_IRQHandler</a> from startup_mimxrt1062.o(.text) referenced from startup_mimxrt1062.o(.isr_vector)
 <LI><a href="#[d3]">SPDIF_DriverIRQHandler</a> from startup_mimxrt1062.o(.text) referenced from startup_mimxrt1062.o(.text)
 <LI><a href="#[47]">SPDIF_IRQHandler</a> from startup_mimxrt1062.o(.text) referenced from startup_mimxrt1062.o(.isr_vector)
 <LI><a href="#[6d]">SRC_IRQHandler</a> from startup_mimxrt1062.o(.text) referenced from startup_mimxrt1062.o(.isr_vector)
 <LI><a href="#[7]">SVC_Handler</a> from startup_mimxrt1062.o(.text) referenced from startup_mimxrt1062.o(.isr_vector)
 <LI><a href="#[7]">SVC_Handler</a> from startup_mimxrt1062.o(.text) referenced from startup_mimxrt1062.o(.text)
 <LI><a href="#[a]">SysTick_Handler</a> from startup_mimxrt1062.o(.text) referenced from startup_mimxrt1062.o(.isr_vector)
 <LI><a href="#[a]">SysTick_Handler</a> from startup_mimxrt1062.o(.text) referenced from startup_mimxrt1062.o(.text)
 <LI><a href="#[aa]">SystemInit</a> from system_mimxrt1062.o(.text.SystemInit) referenced from startup_mimxrt1062.o(.text)
 <LI><a href="#[4a]">TEMP_LOW_HIGH_IRQHandler</a> from startup_mimxrt1062.o(.text) referenced from startup_mimxrt1062.o(.isr_vector)
 <LI><a href="#[4b]">TEMP_PANIC_IRQHandler</a> from startup_mimxrt1062.o(.text) referenced from startup_mimxrt1062.o(.isr_vector)
 <LI><a href="#[90]">TMR1_IRQHandler</a> from startup_mimxrt1062.o(.text) referenced from startup_mimxrt1062.o(.isr_vector)
 <LI><a href="#[91]">TMR2_IRQHandler</a> from startup_mimxrt1062.o(.text) referenced from startup_mimxrt1062.o(.isr_vector)
 <LI><a href="#[92]">TMR3_IRQHandler</a> from startup_mimxrt1062.o(.text) referenced from startup_mimxrt1062.o(.isr_vector)
 <LI><a href="#[93]">TMR4_IRQHandler</a> from startup_mimxrt1062.o(.text) referenced from startup_mimxrt1062.o(.isr_vector)
 <LI><a href="#[40]">TRNG_IRQHandler</a> from startup_mimxrt1062.o(.text) referenced from startup_mimxrt1062.o(.isr_vector)
 <LI><a href="#[33]">TSC_DIG_IRQHandler</a> from startup_mimxrt1062.o(.text) referenced from startup_mimxrt1062.o(.isr_vector)
 <LI><a href="#[7c]">USB_OTG1_IRQHandler</a> from startup_mimxrt1062.o(.text) referenced from startup_mimxrt1062.o(.isr_vector)
 <LI><a href="#[7b]">USB_OTG2_IRQHandler</a> from startup_mimxrt1062.o(.text) referenced from startup_mimxrt1062.o(.isr_vector)
 <LI><a href="#[4c]">USB_PHY1_IRQHandler</a> from startup_mimxrt1062.o(.text) referenced from startup_mimxrt1062.o(.isr_vector)
 <LI><a href="#[4d]">USB_PHY2_IRQHandler</a> from startup_mimxrt1062.o(.text) referenced from startup_mimxrt1062.o(.isr_vector)
 <LI><a href="#[d8]">USDHC1_DriverIRQHandler</a> from startup_mimxrt1062.o(.text) referenced from startup_mimxrt1062.o(.text)
 <LI><a href="#[79]">USDHC1_IRQHandler</a> from startup_mimxrt1062.o(.text) referenced from startup_mimxrt1062.o(.isr_vector)
 <LI><a href="#[d9]">USDHC2_DriverIRQHandler</a> from startup_mimxrt1062.o(.text) referenced from startup_mimxrt1062.o(.text)
 <LI><a href="#[7a]">USDHC2_IRQHandler</a> from startup_mimxrt1062.o(.text) referenced from startup_mimxrt1062.o(.isr_vector)
 <LI><a href="#[6]">UsageFault_Handler</a> from startup_mimxrt1062.o(.text) referenced from startup_mimxrt1062.o(.isr_vector)
 <LI><a href="#[67]">WDOG1_IRQHandler</a> from startup_mimxrt1062.o(.text) referenced from startup_mimxrt1062.o(.isr_vector)
 <LI><a href="#[38]">WDOG2_IRQHandler</a> from startup_mimxrt1062.o(.text) referenced from startup_mimxrt1062.o(.isr_vector)
 <LI><a href="#[7f]">XBAR1_IRQ_0_1_IRQHandler</a> from startup_mimxrt1062.o(.text) referenced from startup_mimxrt1062.o(.isr_vector)
 <LI><a href="#[80]">XBAR1_IRQ_2_3_IRQHandler</a> from startup_mimxrt1062.o(.text) referenced from startup_mimxrt1062.o(.isr_vector)
 <LI><a href="#[ab]">__main</a> from entry.o(.ARM.Collect$$$$00000000) referenced from startup_mimxrt1062.o(.text)
 <LI><a href="#[a9]">main</a> from hello_world.o(.text.main) referenced from entry9a.o(.ARM.Collect$$$$0000000B)
</UL>
<P>
<H3>
Global Symbols
</H3>
<P><STRONG><a name="[ab]"></a>__main</STRONG> (Thumb, 0 bytes, Stack size unknown bytes, entry.o(.ARM.Collect$$$$00000000))
<BR>[Address Reference Count : 1]<UL><LI> startup_mimxrt1062.o(.text)
</UL>
<P><STRONG><a name="[138]"></a>_main_stk</STRONG> (Thumb, 0 bytes, Stack size unknown bytes, entry4.o(.ARM.Collect$$$$00000003))

<P><STRONG><a name="[e1]"></a>_main_scatterload</STRONG> (Thumb, 0 bytes, Stack size unknown bytes, entry5.o(.ARM.Collect$$$$00000004))
<BR><BR>[Calls]<UL><LI><a href="#[e2]">&gt;&gt;</a>&nbsp;&nbsp;&nbsp;__scatterload
</UL>

<P><STRONG><a name="[e6]"></a>__main_after_scatterload</STRONG> (Thumb, 0 bytes, Stack size unknown bytes, entry5.o(.ARM.Collect$$$$00000004))
<BR><BR>[Called By]<UL><LI><a href="#[e2]">&gt;&gt;</a>&nbsp;&nbsp;&nbsp;__scatterload
</UL>

<P><STRONG><a name="[139]"></a>_main_clock</STRONG> (Thumb, 0 bytes, Stack size unknown bytes, entry7b.o(.ARM.Collect$$$$00000008))

<P><STRONG><a name="[13a]"></a>_main_cpp_init</STRONG> (Thumb, 0 bytes, Stack size unknown bytes, entry8b.o(.ARM.Collect$$$$0000000A))

<P><STRONG><a name="[13b]"></a>_main_init</STRONG> (Thumb, 0 bytes, Stack size unknown bytes, entry9a.o(.ARM.Collect$$$$0000000B))

<P><STRONG><a name="[13c]"></a>__rt_final_cpp</STRONG> (Thumb, 0 bytes, Stack size unknown bytes, entry10a.o(.ARM.Collect$$$$0000000D))

<P><STRONG><a name="[13d]"></a>__rt_final_exit</STRONG> (Thumb, 0 bytes, Stack size unknown bytes, entry11a.o(.ARM.Collect$$$$0000000F))

<P><STRONG><a name="[1]"></a>Reset_Handler</STRONG> (Thumb, 56 bytes, Stack size unknown bytes, startup_mimxrt1062.o(.text))
<BR>[Address Reference Count : 1]<UL><LI> startup_mimxrt1062.o(.isr_vector)
</UL>
<P><STRONG><a name="[86]"></a>ACMP1_IRQHandler</STRONG> (Thumb, 4 bytes, Stack size unknown bytes, startup_mimxrt1062.o(.text))
<BR><BR>[Calls]<UL><LI><a href="#[0]">&gt;&gt;</a>&nbsp;&nbsp;&nbsp;DefaultISR
</UL>
<BR>[Address Reference Count : 1]<UL><LI> startup_mimxrt1062.o(.isr_vector)
</UL>
<P><STRONG><a name="[87]"></a>ACMP2_IRQHandler</STRONG> (Thumb, 4 bytes, Stack size unknown bytes, startup_mimxrt1062.o(.text))
<BR>[Address Reference Count : 1]<UL><LI> startup_mimxrt1062.o(.isr_vector)
</UL>
<P><STRONG><a name="[88]"></a>ACMP3_IRQHandler</STRONG> (Thumb, 4 bytes, Stack size unknown bytes, startup_mimxrt1062.o(.text))
<BR>[Address Reference Count : 1]<UL><LI> startup_mimxrt1062.o(.isr_vector)
</UL>
<P><STRONG><a name="[89]"></a>ACMP4_IRQHandler</STRONG> (Thumb, 4 bytes, Stack size unknown bytes, startup_mimxrt1062.o(.text))
<BR>[Address Reference Count : 1]<UL><LI> startup_mimxrt1062.o(.isr_vector)
</UL>
<P><STRONG><a name="[4e]"></a>ADC1_IRQHandler</STRONG> (Thumb, 4 bytes, Stack size unknown bytes, startup_mimxrt1062.o(.text))
<BR>[Address Reference Count : 1]<UL><LI> startup_mimxrt1062.o(.isr_vector)
</UL>
<P><STRONG><a name="[4f]"></a>ADC2_IRQHandler</STRONG> (Thumb, 4 bytes, Stack size unknown bytes, startup_mimxrt1062.o(.text))
<BR>[Address Reference Count : 1]<UL><LI> startup_mimxrt1062.o(.isr_vector)
</UL>
<P><STRONG><a name="[84]"></a>ADC_ETC_ERROR_IRQ_IRQHandler</STRONG> (Thumb, 4 bytes, Stack size unknown bytes, startup_mimxrt1062.o(.text))
<BR>[Address Reference Count : 1]<UL><LI> startup_mimxrt1062.o(.isr_vector)
</UL>
<P><STRONG><a name="[81]"></a>ADC_ETC_IRQ0_IRQHandler</STRONG> (Thumb, 4 bytes, Stack size unknown bytes, startup_mimxrt1062.o(.text))
<BR>[Address Reference Count : 1]<UL><LI> startup_mimxrt1062.o(.isr_vector)
</UL>
<P><STRONG><a name="[82]"></a>ADC_ETC_IRQ1_IRQHandler</STRONG> (Thumb, 4 bytes, Stack size unknown bytes, startup_mimxrt1062.o(.text))
<BR>[Address Reference Count : 1]<UL><LI> startup_mimxrt1062.o(.isr_vector)
</UL>
<P><STRONG><a name="[83]"></a>ADC_ETC_IRQ2_IRQHandler</STRONG> (Thumb, 4 bytes, Stack size unknown bytes, startup_mimxrt1062.o(.text))
<BR>[Address Reference Count : 1]<UL><LI> startup_mimxrt1062.o(.isr_vector)
</UL>
<P><STRONG><a name="[42]"></a>BEE_IRQHandler</STRONG> (Thumb, 4 bytes, Stack size unknown bytes, startup_mimxrt1062.o(.text))
<BR>[Address Reference Count : 1]<UL><LI> startup_mimxrt1062.o(.isr_vector)
</UL>
<P><STRONG><a name="[5]"></a>BusFault_Handler</STRONG> (Thumb, 4 bytes, Stack size unknown bytes, startup_mimxrt1062.o(.text))
<BR>[Address Reference Count : 1]<UL><LI> startup_mimxrt1062.o(.isr_vector)
</UL>
<P><STRONG><a name="[cd]"></a>CAN1_DriverIRQHandler</STRONG> (Thumb, 4 bytes, Stack size unknown bytes, startup_mimxrt1062.o(.text))
<BR>[Address Reference Count : 1]<UL><LI> startup_mimxrt1062.o(.text)
</UL>
<P><STRONG><a name="[ce]"></a>CAN2_DriverIRQHandler</STRONG> (Thumb, 4 bytes, Stack size unknown bytes, startup_mimxrt1062.o(.text))
<BR>[Address Reference Count : 1]<UL><LI> startup_mimxrt1062.o(.text)
</UL>
<P><STRONG><a name="[de]"></a>CAN3_DriverIRQHandler</STRONG> (Thumb, 4 bytes, Stack size unknown bytes, startup_mimxrt1062.o(.text))
<BR>[Address Reference Count : 1]<UL><LI> startup_mimxrt1062.o(.text)
</UL>
<P><STRONG><a name="[6a]"></a>CCM_1_IRQHandler</STRONG> (Thumb, 4 bytes, Stack size unknown bytes, startup_mimxrt1062.o(.text))
<BR>[Address Reference Count : 1]<UL><LI> startup_mimxrt1062.o(.isr_vector)
</UL>
<P><STRONG><a name="[6b]"></a>CCM_2_IRQHandler</STRONG> (Thumb, 4 bytes, Stack size unknown bytes, startup_mimxrt1062.o(.text))
<BR>[Address Reference Count : 1]<UL><LI> startup_mimxrt1062.o(.isr_vector)
</UL>
<P><STRONG><a name="[1e]"></a>CORE_IRQHandler</STRONG> (Thumb, 4 bytes, Stack size unknown bytes, startup_mimxrt1062.o(.text))
<BR>[Address Reference Count : 1]<UL><LI> startup_mimxrt1062.o(.isr_vector)
</UL>
<P><STRONG><a name="[36]"></a>CSI_IRQHandler</STRONG> (Thumb, 4 bytes, Stack size unknown bytes, startup_mimxrt1062.o(.text))
<BR>[Address Reference Count : 1]<UL><LI> startup_mimxrt1062.o(.isr_vector)
</UL>
<P><STRONG><a name="[3c]"></a>CSU_IRQHandler</STRONG> (Thumb, 4 bytes, Stack size unknown bytes, startup_mimxrt1062.o(.text))
<BR>[Address Reference Count : 1]<UL><LI> startup_mimxrt1062.o(.isr_vector)
</UL>
<P><STRONG><a name="[1c]"></a>CTI0_ERROR_IRQHandler</STRONG> (Thumb, 4 bytes, Stack size unknown bytes, startup_mimxrt1062.o(.text))
<BR>[Address Reference Count : 1]<UL><LI> startup_mimxrt1062.o(.isr_vector)
</UL>
<P><STRONG><a name="[1d]"></a>CTI1_ERROR_IRQHandler</STRONG> (Thumb, 4 bytes, Stack size unknown bytes, startup_mimxrt1062.o(.text))
<BR>[Address Reference Count : 1]<UL><LI> startup_mimxrt1062.o(.isr_vector)
</UL>
<P><STRONG><a name="[50]"></a>DCDC_IRQHandler</STRONG> (Thumb, 4 bytes, Stack size unknown bytes, startup_mimxrt1062.o(.text))
<BR>[Address Reference Count : 1]<UL><LI> startup_mimxrt1062.o(.isr_vector)
</UL>
<P><STRONG><a name="[3d]"></a>DCP_IRQHandler</STRONG> (Thumb, 4 bytes, Stack size unknown bytes, startup_mimxrt1062.o(.text))
<BR>[Address Reference Count : 1]<UL><LI> startup_mimxrt1062.o(.isr_vector)
</UL>
<P><STRONG><a name="[3e]"></a>DCP_VMI_IRQHandler</STRONG> (Thumb, 4 bytes, Stack size unknown bytes, startup_mimxrt1062.o(.text))
<BR>[Address Reference Count : 1]<UL><LI> startup_mimxrt1062.o(.isr_vector)
</UL>
<P><STRONG><a name="[ac]"></a>DMA0_DMA16_DriverIRQHandler</STRONG> (Thumb, 4 bytes, Stack size unknown bytes, startup_mimxrt1062.o(.text))
<BR>[Address Reference Count : 1]<UL><LI> startup_mimxrt1062.o(.text)
</UL>
<P><STRONG><a name="[b6]"></a>DMA10_DMA26_DriverIRQHandler</STRONG> (Thumb, 4 bytes, Stack size unknown bytes, startup_mimxrt1062.o(.text))
<BR>[Address Reference Count : 1]<UL><LI> startup_mimxrt1062.o(.text)
</UL>
<P><STRONG><a name="[b7]"></a>DMA11_DMA27_DriverIRQHandler</STRONG> (Thumb, 4 bytes, Stack size unknown bytes, startup_mimxrt1062.o(.text))
<BR>[Address Reference Count : 1]<UL><LI> startup_mimxrt1062.o(.text)
</UL>
<P><STRONG><a name="[b8]"></a>DMA12_DMA28_DriverIRQHandler</STRONG> (Thumb, 4 bytes, Stack size unknown bytes, startup_mimxrt1062.o(.text))
<BR>[Address Reference Count : 1]<UL><LI> startup_mimxrt1062.o(.text)
</UL>
<P><STRONG><a name="[b9]"></a>DMA13_DMA29_DriverIRQHandler</STRONG> (Thumb, 4 bytes, Stack size unknown bytes, startup_mimxrt1062.o(.text))
<BR>[Address Reference Count : 1]<UL><LI> startup_mimxrt1062.o(.text)
</UL>
<P><STRONG><a name="[ba]"></a>DMA14_DMA30_DriverIRQHandler</STRONG> (Thumb, 4 bytes, Stack size unknown bytes, startup_mimxrt1062.o(.text))
<BR>[Address Reference Count : 1]<UL><LI> startup_mimxrt1062.o(.text)
</UL>
<P><STRONG><a name="[bb]"></a>DMA15_DMA31_DriverIRQHandler</STRONG> (Thumb, 4 bytes, Stack size unknown bytes, startup_mimxrt1062.o(.text))
<BR>[Address Reference Count : 1]<UL><LI> startup_mimxrt1062.o(.text)
</UL>
<P><STRONG><a name="[ad]"></a>DMA1_DMA17_DriverIRQHandler</STRONG> (Thumb, 4 bytes, Stack size unknown bytes, startup_mimxrt1062.o(.text))
<BR>[Address Reference Count : 1]<UL><LI> startup_mimxrt1062.o(.text)
</UL>
<P><STRONG><a name="[ae]"></a>DMA2_DMA18_DriverIRQHandler</STRONG> (Thumb, 4 bytes, Stack size unknown bytes, startup_mimxrt1062.o(.text))
<BR>[Address Reference Count : 1]<UL><LI> startup_mimxrt1062.o(.text)
</UL>
<P><STRONG><a name="[af]"></a>DMA3_DMA19_DriverIRQHandler</STRONG> (Thumb, 4 bytes, Stack size unknown bytes, startup_mimxrt1062.o(.text))
<BR>[Address Reference Count : 1]<UL><LI> startup_mimxrt1062.o(.text)
</UL>
<P><STRONG><a name="[b0]"></a>DMA4_DMA20_DriverIRQHandler</STRONG> (Thumb, 4 bytes, Stack size unknown bytes, startup_mimxrt1062.o(.text))
<BR>[Address Reference Count : 1]<UL><LI> startup_mimxrt1062.o(.text)
</UL>
<P><STRONG><a name="[b1]"></a>DMA5_DMA21_DriverIRQHandler</STRONG> (Thumb, 4 bytes, Stack size unknown bytes, startup_mimxrt1062.o(.text))
<BR>[Address Reference Count : 1]<UL><LI> startup_mimxrt1062.o(.text)
</UL>
<P><STRONG><a name="[b2]"></a>DMA6_DMA22_DriverIRQHandler</STRONG> (Thumb, 4 bytes, Stack size unknown bytes, startup_mimxrt1062.o(.text))
<BR>[Address Reference Count : 1]<UL><LI> startup_mimxrt1062.o(.text)
</UL>
<P><STRONG><a name="[b3]"></a>DMA7_DMA23_DriverIRQHandler</STRONG> (Thumb, 4 bytes, Stack size unknown bytes, startup_mimxrt1062.o(.text))
<BR>[Address Reference Count : 1]<UL><LI> startup_mimxrt1062.o(.text)
</UL>
<P><STRONG><a name="[b4]"></a>DMA8_DMA24_DriverIRQHandler</STRONG> (Thumb, 4 bytes, Stack size unknown bytes, startup_mimxrt1062.o(.text))
<BR>[Address Reference Count : 1]<UL><LI> startup_mimxrt1062.o(.text)
</UL>
<P><STRONG><a name="[b5]"></a>DMA9_DMA25_DriverIRQHandler</STRONG> (Thumb, 4 bytes, Stack size unknown bytes, startup_mimxrt1062.o(.text))
<BR>[Address Reference Count : 1]<UL><LI> startup_mimxrt1062.o(.text)
</UL>
<P><STRONG><a name="[bc]"></a>DMA_ERROR_DriverIRQHandler</STRONG> (Thumb, 4 bytes, Stack size unknown bytes, startup_mimxrt1062.o(.text))
<BR>[Address Reference Count : 1]<UL><LI> startup_mimxrt1062.o(.text)
</UL>
<P><STRONG><a name="[8]"></a>DebugMon_Handler</STRONG> (Thumb, 4 bytes, Stack size unknown bytes, startup_mimxrt1062.o(.text))
<BR>[Address Reference Count : 1]<UL><LI> startup_mimxrt1062.o(.isr_vector)
</UL>
<P><STRONG><a name="[0]"></a>DefaultISR</STRONG> (Thumb, 4 bytes, Stack size unknown bytes, startup_mimxrt1062.o(.text))
<BR><BR>[Called By]<UL><LI><a href="#[86]">&gt;&gt;</a>&nbsp;&nbsp;&nbsp;ACMP1_IRQHandler
</UL>
<BR>[Address Reference Count : 2]<UL><LI> startup_mimxrt1062.o(.isr_vector)
<LI> fsl_lpuart.o(.data.s_lpuartIsr)
</UL>
<P><STRONG><a name="[8c]"></a>ENC1_IRQHandler</STRONG> (Thumb, 4 bytes, Stack size unknown bytes, startup_mimxrt1062.o(.text))
<BR>[Address Reference Count : 1]<UL><LI> startup_mimxrt1062.o(.isr_vector)
</UL>
<P><STRONG><a name="[8d]"></a>ENC2_IRQHandler</STRONG> (Thumb, 4 bytes, Stack size unknown bytes, startup_mimxrt1062.o(.text))
<BR>[Address Reference Count : 1]<UL><LI> startup_mimxrt1062.o(.isr_vector)
</UL>
<P><STRONG><a name="[8e]"></a>ENC3_IRQHandler</STRONG> (Thumb, 4 bytes, Stack size unknown bytes, startup_mimxrt1062.o(.text))
<BR>[Address Reference Count : 1]<UL><LI> startup_mimxrt1062.o(.isr_vector)
</UL>
<P><STRONG><a name="[8f]"></a>ENC4_IRQHandler</STRONG> (Thumb, 4 bytes, Stack size unknown bytes, startup_mimxrt1062.o(.text))
<BR>[Address Reference Count : 1]<UL><LI> startup_mimxrt1062.o(.isr_vector)
</UL>
<P><STRONG><a name="[dd]"></a>ENET2_1588_Timer_DriverIRQHandler</STRONG> (Thumb, 4 bytes, Stack size unknown bytes, startup_mimxrt1062.o(.text))
<BR>[Address Reference Count : 1]<UL><LI> startup_mimxrt1062.o(.text)
</UL>
<P><STRONG><a name="[dc]"></a>ENET2_DriverIRQHandler</STRONG> (Thumb, 4 bytes, Stack size unknown bytes, startup_mimxrt1062.o(.text))
<BR>[Address Reference Count : 1]<UL><LI> startup_mimxrt1062.o(.text)
</UL>
<P><STRONG><a name="[db]"></a>ENET_1588_Timer_DriverIRQHandler</STRONG> (Thumb, 4 bytes, Stack size unknown bytes, startup_mimxrt1062.o(.text))
<BR>[Address Reference Count : 1]<UL><LI> startup_mimxrt1062.o(.text)
</UL>
<P><STRONG><a name="[da]"></a>ENET_DriverIRQHandler</STRONG> (Thumb, 4 bytes, Stack size unknown bytes, startup_mimxrt1062.o(.text))
<BR>[Address Reference Count : 1]<UL><LI> startup_mimxrt1062.o(.text)
</UL>
<P><STRONG><a name="[69]"></a>EWM_IRQHandler</STRONG> (Thumb, 4 bytes, Stack size unknown bytes, startup_mimxrt1062.o(.text))
<BR>[Address Reference Count : 1]<UL><LI> startup_mimxrt1062.o(.isr_vector)
</UL>
<P><STRONG><a name="[d4]"></a>FLEXIO1_DriverIRQHandler</STRONG> (Thumb, 4 bytes, Stack size unknown bytes, startup_mimxrt1062.o(.text))
<BR>[Address Reference Count : 1]<UL><LI> startup_mimxrt1062.o(.text)
</UL>
<P><STRONG><a name="[d5]"></a>FLEXIO2_DriverIRQHandler</STRONG> (Thumb, 4 bytes, Stack size unknown bytes, startup_mimxrt1062.o(.text))
<BR>[Address Reference Count : 1]<UL><LI> startup_mimxrt1062.o(.text)
</UL>
<P><STRONG><a name="[df]"></a>FLEXIO3_DriverIRQHandler</STRONG> (Thumb, 4 bytes, Stack size unknown bytes, startup_mimxrt1062.o(.text))
<BR>[Address Reference Count : 1]<UL><LI> startup_mimxrt1062.o(.text)
</UL>
<P><STRONG><a name="[31]"></a>FLEXRAM_IRQHandler</STRONG> (Thumb, 4 bytes, Stack size unknown bytes, startup_mimxrt1062.o(.text))
<BR>[Address Reference Count : 1]<UL><LI> startup_mimxrt1062.o(.isr_vector)
</UL>
<P><STRONG><a name="[d6]"></a>FLEXSPI2_DriverIRQHandler</STRONG> (Thumb, 4 bytes, Stack size unknown bytes, startup_mimxrt1062.o(.text))
<BR>[Address Reference Count : 1]<UL><LI> startup_mimxrt1062.o(.text)
</UL>
<P><STRONG><a name="[d7]"></a>FLEXSPI_DriverIRQHandler</STRONG> (Thumb, 4 bytes, Stack size unknown bytes, startup_mimxrt1062.o(.text))
<BR>[Address Reference Count : 1]<UL><LI> startup_mimxrt1062.o(.text)
</UL>
<P><STRONG><a name="[6c]"></a>GPC_IRQHandler</STRONG> (Thumb, 4 bytes, Stack size unknown bytes, startup_mimxrt1062.o(.text))
<BR>[Address Reference Count : 1]<UL><LI> startup_mimxrt1062.o(.isr_vector)
</UL>
<P><STRONG><a name="[5b]"></a>GPIO1_Combined_0_15_IRQHandler</STRONG> (Thumb, 4 bytes, Stack size unknown bytes, startup_mimxrt1062.o(.text))
<BR>[Address Reference Count : 1]<UL><LI> startup_mimxrt1062.o(.isr_vector)
</UL>
<P><STRONG><a name="[5c]"></a>GPIO1_Combined_16_31_IRQHandler</STRONG> (Thumb, 4 bytes, Stack size unknown bytes, startup_mimxrt1062.o(.text))
<BR>[Address Reference Count : 1]<UL><LI> startup_mimxrt1062.o(.isr_vector)
</UL>
<P><STRONG><a name="[53]"></a>GPIO1_INT0_IRQHandler</STRONG> (Thumb, 4 bytes, Stack size unknown bytes, startup_mimxrt1062.o(.text))
<BR>[Address Reference Count : 1]<UL><LI> startup_mimxrt1062.o(.isr_vector)
</UL>
<P><STRONG><a name="[54]"></a>GPIO1_INT1_IRQHandler</STRONG> (Thumb, 4 bytes, Stack size unknown bytes, startup_mimxrt1062.o(.text))
<BR>[Address Reference Count : 1]<UL><LI> startup_mimxrt1062.o(.isr_vector)
</UL>
<P><STRONG><a name="[55]"></a>GPIO1_INT2_IRQHandler</STRONG> (Thumb, 4 bytes, Stack size unknown bytes, startup_mimxrt1062.o(.text))
<BR>[Address Reference Count : 1]<UL><LI> startup_mimxrt1062.o(.isr_vector)
</UL>
<P><STRONG><a name="[56]"></a>GPIO1_INT3_IRQHandler</STRONG> (Thumb, 4 bytes, Stack size unknown bytes, startup_mimxrt1062.o(.text))
<BR>[Address Reference Count : 1]<UL><LI> startup_mimxrt1062.o(.isr_vector)
</UL>
<P><STRONG><a name="[57]"></a>GPIO1_INT4_IRQHandler</STRONG> (Thumb, 4 bytes, Stack size unknown bytes, startup_mimxrt1062.o(.text))
<BR>[Address Reference Count : 1]<UL><LI> startup_mimxrt1062.o(.isr_vector)
</UL>
<P><STRONG><a name="[58]"></a>GPIO1_INT5_IRQHandler</STRONG> (Thumb, 4 bytes, Stack size unknown bytes, startup_mimxrt1062.o(.text))
<BR>[Address Reference Count : 1]<UL><LI> startup_mimxrt1062.o(.isr_vector)
</UL>
<P><STRONG><a name="[59]"></a>GPIO1_INT6_IRQHandler</STRONG> (Thumb, 4 bytes, Stack size unknown bytes, startup_mimxrt1062.o(.text))
<BR>[Address Reference Count : 1]<UL><LI> startup_mimxrt1062.o(.isr_vector)
</UL>
<P><STRONG><a name="[5a]"></a>GPIO1_INT7_IRQHandler</STRONG> (Thumb, 4 bytes, Stack size unknown bytes, startup_mimxrt1062.o(.text))
<BR>[Address Reference Count : 1]<UL><LI> startup_mimxrt1062.o(.isr_vector)
</UL>
<P><STRONG><a name="[5d]"></a>GPIO2_Combined_0_15_IRQHandler</STRONG> (Thumb, 4 bytes, Stack size unknown bytes, startup_mimxrt1062.o(.text))
<BR>[Address Reference Count : 1]<UL><LI> startup_mimxrt1062.o(.isr_vector)
</UL>
<P><STRONG><a name="[5e]"></a>GPIO2_Combined_16_31_IRQHandler</STRONG> (Thumb, 4 bytes, Stack size unknown bytes, startup_mimxrt1062.o(.text))
<BR>[Address Reference Count : 1]<UL><LI> startup_mimxrt1062.o(.isr_vector)
</UL>
<P><STRONG><a name="[5f]"></a>GPIO3_Combined_0_15_IRQHandler</STRONG> (Thumb, 4 bytes, Stack size unknown bytes, startup_mimxrt1062.o(.text))
<BR>[Address Reference Count : 1]<UL><LI> startup_mimxrt1062.o(.isr_vector)
</UL>
<P><STRONG><a name="[60]"></a>GPIO3_Combined_16_31_IRQHandler</STRONG> (Thumb, 4 bytes, Stack size unknown bytes, startup_mimxrt1062.o(.text))
<BR>[Address Reference Count : 1]<UL><LI> startup_mimxrt1062.o(.isr_vector)
</UL>
<P><STRONG><a name="[61]"></a>GPIO4_Combined_0_15_IRQHandler</STRONG> (Thumb, 4 bytes, Stack size unknown bytes, startup_mimxrt1062.o(.text))
<BR>[Address Reference Count : 1]<UL><LI> startup_mimxrt1062.o(.isr_vector)
</UL>
<P><STRONG><a name="[62]"></a>GPIO4_Combined_16_31_IRQHandler</STRONG> (Thumb, 4 bytes, Stack size unknown bytes, startup_mimxrt1062.o(.text))
<BR>[Address Reference Count : 1]<UL><LI> startup_mimxrt1062.o(.isr_vector)
</UL>
<P><STRONG><a name="[63]"></a>GPIO5_Combined_0_15_IRQHandler</STRONG> (Thumb, 4 bytes, Stack size unknown bytes, startup_mimxrt1062.o(.text))
<BR>[Address Reference Count : 1]<UL><LI> startup_mimxrt1062.o(.isr_vector)
</UL>
<P><STRONG><a name="[64]"></a>GPIO5_Combined_16_31_IRQHandler</STRONG> (Thumb, 4 bytes, Stack size unknown bytes, startup_mimxrt1062.o(.text))
<BR>[Address Reference Count : 1]<UL><LI> startup_mimxrt1062.o(.isr_vector)
</UL>
<P><STRONG><a name="[a8]"></a>GPIO6_7_8_9_IRQHandler</STRONG> (Thumb, 4 bytes, Stack size unknown bytes, startup_mimxrt1062.o(.text))
<BR>[Address Reference Count : 1]<UL><LI> startup_mimxrt1062.o(.isr_vector)
</UL>
<P><STRONG><a name="[34]"></a>GPR_IRQ_IRQHandler</STRONG> (Thumb, 4 bytes, Stack size unknown bytes, startup_mimxrt1062.o(.text))
<BR>[Address Reference Count : 1]<UL><LI> startup_mimxrt1062.o(.isr_vector)
</UL>
<P><STRONG><a name="[6f]"></a>GPT1_IRQHandler</STRONG> (Thumb, 4 bytes, Stack size unknown bytes, startup_mimxrt1062.o(.text))
<BR>[Address Reference Count : 1]<UL><LI> startup_mimxrt1062.o(.isr_vector)
</UL>
<P><STRONG><a name="[70]"></a>GPT2_IRQHandler</STRONG> (Thumb, 4 bytes, Stack size unknown bytes, startup_mimxrt1062.o(.text))
<BR>[Address Reference Count : 1]<UL><LI> startup_mimxrt1062.o(.isr_vector)
</UL>
<P><STRONG><a name="[32]"></a>KPP_IRQHandler</STRONG> (Thumb, 4 bytes, Stack size unknown bytes, startup_mimxrt1062.o(.text))
<BR>[Address Reference Count : 1]<UL><LI> startup_mimxrt1062.o(.isr_vector)
</UL>
<P><STRONG><a name="[35]"></a>LCDIF_IRQHandler</STRONG> (Thumb, 4 bytes, Stack size unknown bytes, startup_mimxrt1062.o(.text))
<BR>[Address Reference Count : 1]<UL><LI> startup_mimxrt1062.o(.isr_vector)
</UL>
<P><STRONG><a name="[c5]"></a>LPI2C1_DriverIRQHandler</STRONG> (Thumb, 4 bytes, Stack size unknown bytes, startup_mimxrt1062.o(.text))
<BR>[Address Reference Count : 1]<UL><LI> startup_mimxrt1062.o(.text)
</UL>
<P><STRONG><a name="[c6]"></a>LPI2C2_DriverIRQHandler</STRONG> (Thumb, 4 bytes, Stack size unknown bytes, startup_mimxrt1062.o(.text))
<BR>[Address Reference Count : 1]<UL><LI> startup_mimxrt1062.o(.text)
</UL>
<P><STRONG><a name="[c7]"></a>LPI2C3_DriverIRQHandler</STRONG> (Thumb, 4 bytes, Stack size unknown bytes, startup_mimxrt1062.o(.text))
<BR>[Address Reference Count : 1]<UL><LI> startup_mimxrt1062.o(.text)
</UL>
<P><STRONG><a name="[c8]"></a>LPI2C4_DriverIRQHandler</STRONG> (Thumb, 4 bytes, Stack size unknown bytes, startup_mimxrt1062.o(.text))
<BR>[Address Reference Count : 1]<UL><LI> startup_mimxrt1062.o(.text)
</UL>
<P><STRONG><a name="[c9]"></a>LPSPI1_DriverIRQHandler</STRONG> (Thumb, 4 bytes, Stack size unknown bytes, startup_mimxrt1062.o(.text))
<BR>[Address Reference Count : 1]<UL><LI> startup_mimxrt1062.o(.text)
</UL>
<P><STRONG><a name="[ca]"></a>LPSPI2_DriverIRQHandler</STRONG> (Thumb, 4 bytes, Stack size unknown bytes, startup_mimxrt1062.o(.text))
<BR>[Address Reference Count : 1]<UL><LI> startup_mimxrt1062.o(.text)
</UL>
<P><STRONG><a name="[cb]"></a>LPSPI3_DriverIRQHandler</STRONG> (Thumb, 4 bytes, Stack size unknown bytes, startup_mimxrt1062.o(.text))
<BR>[Address Reference Count : 1]<UL><LI> startup_mimxrt1062.o(.text)
</UL>
<P><STRONG><a name="[cc]"></a>LPSPI4_DriverIRQHandler</STRONG> (Thumb, 4 bytes, Stack size unknown bytes, startup_mimxrt1062.o(.text))
<BR>[Address Reference Count : 1]<UL><LI> startup_mimxrt1062.o(.text)
</UL>
<P><STRONG><a name="[4]"></a>MemManage_Handler</STRONG> (Thumb, 4 bytes, Stack size unknown bytes, startup_mimxrt1062.o(.text))
<BR>[Address Reference Count : 1]<UL><LI> startup_mimxrt1062.o(.isr_vector)
</UL>
<P><STRONG><a name="[85]"></a>PIT_IRQHandler</STRONG> (Thumb, 4 bytes, Stack size unknown bytes, startup_mimxrt1062.o(.text))
<BR>[Address Reference Count : 1]<UL><LI> startup_mimxrt1062.o(.isr_vector)
</UL>
<P><STRONG><a name="[48]"></a>PMU_EVENT_IRQHandler</STRONG> (Thumb, 4 bytes, Stack size unknown bytes, startup_mimxrt1062.o(.text))
<BR>[Address Reference Count : 1]<UL><LI> startup_mimxrt1062.o(.isr_vector)
</UL>
<P><STRONG><a name="[71]"></a>PWM1_0_IRQHandler</STRONG> (Thumb, 4 bytes, Stack size unknown bytes, startup_mimxrt1062.o(.text))
<BR>[Address Reference Count : 1]<UL><LI> startup_mimxrt1062.o(.isr_vector)
</UL>
<P><STRONG><a name="[72]"></a>PWM1_1_IRQHandler</STRONG> (Thumb, 4 bytes, Stack size unknown bytes, startup_mimxrt1062.o(.text))
<BR>[Address Reference Count : 1]<UL><LI> startup_mimxrt1062.o(.isr_vector)
</UL>
<P><STRONG><a name="[73]"></a>PWM1_2_IRQHandler</STRONG> (Thumb, 4 bytes, Stack size unknown bytes, startup_mimxrt1062.o(.text))
<BR>[Address Reference Count : 1]<UL><LI> startup_mimxrt1062.o(.isr_vector)
</UL>
<P><STRONG><a name="[74]"></a>PWM1_3_IRQHandler</STRONG> (Thumb, 4 bytes, Stack size unknown bytes, startup_mimxrt1062.o(.text))
<BR>[Address Reference Count : 1]<UL><LI> startup_mimxrt1062.o(.isr_vector)
</UL>
<P><STRONG><a name="[75]"></a>PWM1_FAULT_IRQHandler</STRONG> (Thumb, 4 bytes, Stack size unknown bytes, startup_mimxrt1062.o(.text))
<BR>[Address Reference Count : 1]<UL><LI> startup_mimxrt1062.o(.isr_vector)
</UL>
<P><STRONG><a name="[94]"></a>PWM2_0_IRQHandler</STRONG> (Thumb, 4 bytes, Stack size unknown bytes, startup_mimxrt1062.o(.text))
<BR>[Address Reference Count : 1]<UL><LI> startup_mimxrt1062.o(.isr_vector)
</UL>
<P><STRONG><a name="[95]"></a>PWM2_1_IRQHandler</STRONG> (Thumb, 4 bytes, Stack size unknown bytes, startup_mimxrt1062.o(.text))
<BR>[Address Reference Count : 1]<UL><LI> startup_mimxrt1062.o(.isr_vector)
</UL>
<P><STRONG><a name="[96]"></a>PWM2_2_IRQHandler</STRONG> (Thumb, 4 bytes, Stack size unknown bytes, startup_mimxrt1062.o(.text))
<BR>[Address Reference Count : 1]<UL><LI> startup_mimxrt1062.o(.isr_vector)
</UL>
<P><STRONG><a name="[97]"></a>PWM2_3_IRQHandler</STRONG> (Thumb, 4 bytes, Stack size unknown bytes, startup_mimxrt1062.o(.text))
<BR>[Address Reference Count : 1]<UL><LI> startup_mimxrt1062.o(.isr_vector)
</UL>
<P><STRONG><a name="[98]"></a>PWM2_FAULT_IRQHandler</STRONG> (Thumb, 4 bytes, Stack size unknown bytes, startup_mimxrt1062.o(.text))
<BR>[Address Reference Count : 1]<UL><LI> startup_mimxrt1062.o(.isr_vector)
</UL>
<P><STRONG><a name="[99]"></a>PWM3_0_IRQHandler</STRONG> (Thumb, 4 bytes, Stack size unknown bytes, startup_mimxrt1062.o(.text))
<BR>[Address Reference Count : 1]<UL><LI> startup_mimxrt1062.o(.isr_vector)
</UL>
<P><STRONG><a name="[9a]"></a>PWM3_1_IRQHandler</STRONG> (Thumb, 4 bytes, Stack size unknown bytes, startup_mimxrt1062.o(.text))
<BR>[Address Reference Count : 1]<UL><LI> startup_mimxrt1062.o(.isr_vector)
</UL>
<P><STRONG><a name="[9b]"></a>PWM3_2_IRQHandler</STRONG> (Thumb, 4 bytes, Stack size unknown bytes, startup_mimxrt1062.o(.text))
<BR>[Address Reference Count : 1]<UL><LI> startup_mimxrt1062.o(.isr_vector)
</UL>
<P><STRONG><a name="[9c]"></a>PWM3_3_IRQHandler</STRONG> (Thumb, 4 bytes, Stack size unknown bytes, startup_mimxrt1062.o(.text))
<BR>[Address Reference Count : 1]<UL><LI> startup_mimxrt1062.o(.isr_vector)
</UL>
<P><STRONG><a name="[9d]"></a>PWM3_FAULT_IRQHandler</STRONG> (Thumb, 4 bytes, Stack size unknown bytes, startup_mimxrt1062.o(.text))
<BR>[Address Reference Count : 1]<UL><LI> startup_mimxrt1062.o(.isr_vector)
</UL>
<P><STRONG><a name="[9e]"></a>PWM4_0_IRQHandler</STRONG> (Thumb, 4 bytes, Stack size unknown bytes, startup_mimxrt1062.o(.text))
<BR>[Address Reference Count : 1]<UL><LI> startup_mimxrt1062.o(.isr_vector)
</UL>
<P><STRONG><a name="[9f]"></a>PWM4_1_IRQHandler</STRONG> (Thumb, 4 bytes, Stack size unknown bytes, startup_mimxrt1062.o(.text))
<BR>[Address Reference Count : 1]<UL><LI> startup_mimxrt1062.o(.isr_vector)
</UL>
<P><STRONG><a name="[a0]"></a>PWM4_2_IRQHandler</STRONG> (Thumb, 4 bytes, Stack size unknown bytes, startup_mimxrt1062.o(.text))
<BR>[Address Reference Count : 1]<UL><LI> startup_mimxrt1062.o(.isr_vector)
</UL>
<P><STRONG><a name="[a1]"></a>PWM4_3_IRQHandler</STRONG> (Thumb, 4 bytes, Stack size unknown bytes, startup_mimxrt1062.o(.text))
<BR>[Address Reference Count : 1]<UL><LI> startup_mimxrt1062.o(.isr_vector)
</UL>
<P><STRONG><a name="[a2]"></a>PWM4_FAULT_IRQHandler</STRONG> (Thumb, 4 bytes, Stack size unknown bytes, startup_mimxrt1062.o(.text))
<BR>[Address Reference Count : 1]<UL><LI> startup_mimxrt1062.o(.isr_vector)
</UL>
<P><STRONG><a name="[37]"></a>PXP_IRQHandler</STRONG> (Thumb, 4 bytes, Stack size unknown bytes, startup_mimxrt1062.o(.text))
<BR>[Address Reference Count : 1]<UL><LI> startup_mimxrt1062.o(.isr_vector)
</UL>
<P><STRONG><a name="[68]"></a>RTWDOG_IRQHandler</STRONG> (Thumb, 4 bytes, Stack size unknown bytes, startup_mimxrt1062.o(.text))
<BR>[Address Reference Count : 1]<UL><LI> startup_mimxrt1062.o(.isr_vector)
</UL>
<P><STRONG><a name="[6e]"></a>Reserved115_IRQHandler</STRONG> (Thumb, 4 bytes, Stack size unknown bytes, startup_mimxrt1062.o(.text))
<BR>[Address Reference Count : 1]<UL><LI> startup_mimxrt1062.o(.isr_vector)
</UL>
<P><STRONG><a name="[8a]"></a>Reserved143_IRQHandler</STRONG> (Thumb, 4 bytes, Stack size unknown bytes, startup_mimxrt1062.o(.text))
<BR>[Address Reference Count : 1]<UL><LI> startup_mimxrt1062.o(.isr_vector)
</UL>
<P><STRONG><a name="[8b]"></a>Reserved144_IRQHandler</STRONG> (Thumb, 4 bytes, Stack size unknown bytes, startup_mimxrt1062.o(.text))
<BR>[Address Reference Count : 1]<UL><LI> startup_mimxrt1062.o(.isr_vector)
</UL>
<P><STRONG><a name="[a6]"></a>Reserved171_IRQHandler</STRONG> (Thumb, 4 bytes, Stack size unknown bytes, startup_mimxrt1062.o(.text))
<BR>[Address Reference Count : 1]<UL><LI> startup_mimxrt1062.o(.isr_vector)
</UL>
<P><STRONG><a name="[3f]"></a>Reserved68_IRQHandler</STRONG> (Thumb, 4 bytes, Stack size unknown bytes, startup_mimxrt1062.o(.text))
<BR>[Address Reference Count : 1]<UL><LI> startup_mimxrt1062.o(.isr_vector)
</UL>
<P><STRONG><a name="[49]"></a>Reserved78_IRQHandler</STRONG> (Thumb, 4 bytes, Stack size unknown bytes, startup_mimxrt1062.o(.text))
<BR>[Address Reference Count : 1]<UL><LI> startup_mimxrt1062.o(.isr_vector)
</UL>
<P><STRONG><a name="[51]"></a>Reserved86_IRQHandler</STRONG> (Thumb, 4 bytes, Stack size unknown bytes, startup_mimxrt1062.o(.text))
<BR>[Address Reference Count : 1]<UL><LI> startup_mimxrt1062.o(.isr_vector)
</UL>
<P><STRONG><a name="[52]"></a>Reserved87_IRQHandler</STRONG> (Thumb, 4 bytes, Stack size unknown bytes, startup_mimxrt1062.o(.text))
<BR>[Address Reference Count : 1]<UL><LI> startup_mimxrt1062.o(.isr_vector)
</UL>
<P><STRONG><a name="[cf]"></a>SAI1_DriverIRQHandler</STRONG> (Thumb, 4 bytes, Stack size unknown bytes, startup_mimxrt1062.o(.text))
<BR>[Address Reference Count : 1]<UL><LI> startup_mimxrt1062.o(.text)
</UL>
<P><STRONG><a name="[d0]"></a>SAI2_DriverIRQHandler</STRONG> (Thumb, 4 bytes, Stack size unknown bytes, startup_mimxrt1062.o(.text))
<BR>[Address Reference Count : 1]<UL><LI> startup_mimxrt1062.o(.text)
</UL>
<P><STRONG><a name="[d1]"></a>SAI3_RX_DriverIRQHandler</STRONG> (Thumb, 4 bytes, Stack size unknown bytes, startup_mimxrt1062.o(.text))
<BR>[Address Reference Count : 1]<UL><LI> startup_mimxrt1062.o(.text)
</UL>
<P><STRONG><a name="[d2]"></a>SAI3_TX_DriverIRQHandler</STRONG> (Thumb, 4 bytes, Stack size unknown bytes, startup_mimxrt1062.o(.text))
<BR>[Address Reference Count : 1]<UL><LI> startup_mimxrt1062.o(.text)
</UL>
<P><STRONG><a name="[78]"></a>SEMC_IRQHandler</STRONG> (Thumb, 4 bytes, Stack size unknown bytes, startup_mimxrt1062.o(.text))
<BR>[Address Reference Count : 1]<UL><LI> startup_mimxrt1062.o(.isr_vector)
</UL>
<P><STRONG><a name="[41]"></a>SJC_IRQHandler</STRONG> (Thumb, 4 bytes, Stack size unknown bytes, startup_mimxrt1062.o(.text))
<BR>[Address Reference Count : 1]<UL><LI> startup_mimxrt1062.o(.isr_vector)
</UL>
<P><STRONG><a name="[39]"></a>SNVS_HP_WRAPPER_IRQHandler</STRONG> (Thumb, 4 bytes, Stack size unknown bytes, startup_mimxrt1062.o(.text))
<BR>[Address Reference Count : 1]<UL><LI> startup_mimxrt1062.o(.isr_vector)
</UL>
<P><STRONG><a name="[3a]"></a>SNVS_HP_WRAPPER_TZ_IRQHandler</STRONG> (Thumb, 4 bytes, Stack size unknown bytes, startup_mimxrt1062.o(.text))
<BR>[Address Reference Count : 1]<UL><LI> startup_mimxrt1062.o(.isr_vector)
</UL>
<P><STRONG><a name="[3b]"></a>SNVS_LP_WRAPPER_IRQHandler</STRONG> (Thumb, 4 bytes, Stack size unknown bytes, startup_mimxrt1062.o(.text))
<BR>[Address Reference Count : 1]<UL><LI> startup_mimxrt1062.o(.isr_vector)
</UL>
<P><STRONG><a name="[d3]"></a>SPDIF_DriverIRQHandler</STRONG> (Thumb, 4 bytes, Stack size unknown bytes, startup_mimxrt1062.o(.text))
<BR>[Address Reference Count : 1]<UL><LI> startup_mimxrt1062.o(.text)
</UL>
<P><STRONG><a name="[6d]"></a>SRC_IRQHandler</STRONG> (Thumb, 4 bytes, Stack size unknown bytes, startup_mimxrt1062.o(.text))
<BR>[Address Reference Count : 1]<UL><LI> startup_mimxrt1062.o(.isr_vector)
</UL>
<P><STRONG><a name="[4a]"></a>TEMP_LOW_HIGH_IRQHandler</STRONG> (Thumb, 4 bytes, Stack size unknown bytes, startup_mimxrt1062.o(.text))
<BR>[Address Reference Count : 1]<UL><LI> startup_mimxrt1062.o(.isr_vector)
</UL>
<P><STRONG><a name="[4b]"></a>TEMP_PANIC_IRQHandler</STRONG> (Thumb, 4 bytes, Stack size unknown bytes, startup_mimxrt1062.o(.text))
<BR>[Address Reference Count : 1]<UL><LI> startup_mimxrt1062.o(.isr_vector)
</UL>
<P><STRONG><a name="[90]"></a>TMR1_IRQHandler</STRONG> (Thumb, 4 bytes, Stack size unknown bytes, startup_mimxrt1062.o(.text))
<BR>[Address Reference Count : 1]<UL><LI> startup_mimxrt1062.o(.isr_vector)
</UL>
<P><STRONG><a name="[91]"></a>TMR2_IRQHandler</STRONG> (Thumb, 4 bytes, Stack size unknown bytes, startup_mimxrt1062.o(.text))
<BR>[Address Reference Count : 1]<UL><LI> startup_mimxrt1062.o(.isr_vector)
</UL>
<P><STRONG><a name="[92]"></a>TMR3_IRQHandler</STRONG> (Thumb, 4 bytes, Stack size unknown bytes, startup_mimxrt1062.o(.text))
<BR>[Address Reference Count : 1]<UL><LI> startup_mimxrt1062.o(.isr_vector)
</UL>
<P><STRONG><a name="[93]"></a>TMR4_IRQHandler</STRONG> (Thumb, 4 bytes, Stack size unknown bytes, startup_mimxrt1062.o(.text))
<BR>[Address Reference Count : 1]<UL><LI> startup_mimxrt1062.o(.isr_vector)
</UL>
<P><STRONG><a name="[40]"></a>TRNG_IRQHandler</STRONG> (Thumb, 4 bytes, Stack size unknown bytes, startup_mimxrt1062.o(.text))
<BR>[Address Reference Count : 1]<UL><LI> startup_mimxrt1062.o(.isr_vector)
</UL>
<P><STRONG><a name="[33]"></a>TSC_DIG_IRQHandler</STRONG> (Thumb, 4 bytes, Stack size unknown bytes, startup_mimxrt1062.o(.text))
<BR>[Address Reference Count : 1]<UL><LI> startup_mimxrt1062.o(.isr_vector)
</UL>
<P><STRONG><a name="[7c]"></a>USB_OTG1_IRQHandler</STRONG> (Thumb, 4 bytes, Stack size unknown bytes, startup_mimxrt1062.o(.text))
<BR>[Address Reference Count : 1]<UL><LI> startup_mimxrt1062.o(.isr_vector)
</UL>
<P><STRONG><a name="[7b]"></a>USB_OTG2_IRQHandler</STRONG> (Thumb, 4 bytes, Stack size unknown bytes, startup_mimxrt1062.o(.text))
<BR>[Address Reference Count : 1]<UL><LI> startup_mimxrt1062.o(.isr_vector)
</UL>
<P><STRONG><a name="[4c]"></a>USB_PHY1_IRQHandler</STRONG> (Thumb, 4 bytes, Stack size unknown bytes, startup_mimxrt1062.o(.text))
<BR>[Address Reference Count : 1]<UL><LI> startup_mimxrt1062.o(.isr_vector)
</UL>
<P><STRONG><a name="[4d]"></a>USB_PHY2_IRQHandler</STRONG> (Thumb, 4 bytes, Stack size unknown bytes, startup_mimxrt1062.o(.text))
<BR>[Address Reference Count : 1]<UL><LI> startup_mimxrt1062.o(.isr_vector)
</UL>
<P><STRONG><a name="[d8]"></a>USDHC1_DriverIRQHandler</STRONG> (Thumb, 4 bytes, Stack size unknown bytes, startup_mimxrt1062.o(.text))
<BR>[Address Reference Count : 1]<UL><LI> startup_mimxrt1062.o(.text)
</UL>
<P><STRONG><a name="[d9]"></a>USDHC2_DriverIRQHandler</STRONG> (Thumb, 4 bytes, Stack size unknown bytes, startup_mimxrt1062.o(.text))
<BR>[Address Reference Count : 1]<UL><LI> startup_mimxrt1062.o(.text)
</UL>
<P><STRONG><a name="[6]"></a>UsageFault_Handler</STRONG> (Thumb, 4 bytes, Stack size unknown bytes, startup_mimxrt1062.o(.text))
<BR>[Address Reference Count : 1]<UL><LI> startup_mimxrt1062.o(.isr_vector)
</UL>
<P><STRONG><a name="[67]"></a>WDOG1_IRQHandler</STRONG> (Thumb, 4 bytes, Stack size unknown bytes, startup_mimxrt1062.o(.text))
<BR>[Address Reference Count : 1]<UL><LI> startup_mimxrt1062.o(.isr_vector)
</UL>
<P><STRONG><a name="[38]"></a>WDOG2_IRQHandler</STRONG> (Thumb, 4 bytes, Stack size unknown bytes, startup_mimxrt1062.o(.text))
<BR>[Address Reference Count : 1]<UL><LI> startup_mimxrt1062.o(.isr_vector)
</UL>
<P><STRONG><a name="[7f]"></a>XBAR1_IRQ_0_1_IRQHandler</STRONG> (Thumb, 4 bytes, Stack size unknown bytes, startup_mimxrt1062.o(.text))
<BR>[Address Reference Count : 1]<UL><LI> startup_mimxrt1062.o(.isr_vector)
</UL>
<P><STRONG><a name="[80]"></a>XBAR1_IRQ_2_3_IRQHandler</STRONG> (Thumb, 4 bytes, Stack size unknown bytes, startup_mimxrt1062.o(.text))
<BR>[Address Reference Count : 1]<UL><LI> startup_mimxrt1062.o(.isr_vector)
</UL>
<P><STRONG><a name="[2]"></a>NMI_Handler</STRONG> (Thumb, 4 bytes, Stack size unknown bytes, startup_mimxrt1062.o(.text))
<BR>[Address Reference Count : 2]<UL><LI> startup_mimxrt1062.o(.text)
<LI> startup_mimxrt1062.o(.isr_vector)
</UL>
<P><STRONG><a name="[7]"></a>SVC_Handler</STRONG> (Thumb, 4 bytes, Stack size unknown bytes, startup_mimxrt1062.o(.text))
<BR>[Address Reference Count : 2]<UL><LI> startup_mimxrt1062.o(.text)
<LI> startup_mimxrt1062.o(.isr_vector)
</UL>
<P><STRONG><a name="[9]"></a>PendSV_Handler</STRONG> (Thumb, 4 bytes, Stack size unknown bytes, startup_mimxrt1062.o(.text))
<BR>[Address Reference Count : 2]<UL><LI> startup_mimxrt1062.o(.text)
<LI> startup_mimxrt1062.o(.isr_vector)
</UL>
<P><STRONG><a name="[a]"></a>SysTick_Handler</STRONG> (Thumb, 4 bytes, Stack size unknown bytes, startup_mimxrt1062.o(.text))
<BR>[Address Reference Count : 2]<UL><LI> startup_mimxrt1062.o(.text)
<LI> startup_mimxrt1062.o(.isr_vector)
</UL>
<P><STRONG><a name="[b]"></a>DMA0_DMA16_IRQHandler</STRONG> (Thumb, 4 bytes, Stack size unknown bytes, startup_mimxrt1062.o(.text))
<BR>[Address Reference Count : 1]<UL><LI> startup_mimxrt1062.o(.isr_vector)
</UL>
<P><STRONG><a name="[c]"></a>DMA1_DMA17_IRQHandler</STRONG> (Thumb, 4 bytes, Stack size unknown bytes, startup_mimxrt1062.o(.text))
<BR>[Address Reference Count : 1]<UL><LI> startup_mimxrt1062.o(.isr_vector)
</UL>
<P><STRONG><a name="[d]"></a>DMA2_DMA18_IRQHandler</STRONG> (Thumb, 4 bytes, Stack size unknown bytes, startup_mimxrt1062.o(.text))
<BR>[Address Reference Count : 1]<UL><LI> startup_mimxrt1062.o(.isr_vector)
</UL>
<P><STRONG><a name="[e]"></a>DMA3_DMA19_IRQHandler</STRONG> (Thumb, 4 bytes, Stack size unknown bytes, startup_mimxrt1062.o(.text))
<BR>[Address Reference Count : 1]<UL><LI> startup_mimxrt1062.o(.isr_vector)
</UL>
<P><STRONG><a name="[f]"></a>DMA4_DMA20_IRQHandler</STRONG> (Thumb, 4 bytes, Stack size unknown bytes, startup_mimxrt1062.o(.text))
<BR>[Address Reference Count : 1]<UL><LI> startup_mimxrt1062.o(.isr_vector)
</UL>
<P><STRONG><a name="[10]"></a>DMA5_DMA21_IRQHandler</STRONG> (Thumb, 4 bytes, Stack size unknown bytes, startup_mimxrt1062.o(.text))
<BR>[Address Reference Count : 1]<UL><LI> startup_mimxrt1062.o(.isr_vector)
</UL>
<P><STRONG><a name="[11]"></a>DMA6_DMA22_IRQHandler</STRONG> (Thumb, 4 bytes, Stack size unknown bytes, startup_mimxrt1062.o(.text))
<BR>[Address Reference Count : 1]<UL><LI> startup_mimxrt1062.o(.isr_vector)
</UL>
<P><STRONG><a name="[12]"></a>DMA7_DMA23_IRQHandler</STRONG> (Thumb, 4 bytes, Stack size unknown bytes, startup_mimxrt1062.o(.text))
<BR>[Address Reference Count : 1]<UL><LI> startup_mimxrt1062.o(.isr_vector)
</UL>
<P><STRONG><a name="[13]"></a>DMA8_DMA24_IRQHandler</STRONG> (Thumb, 4 bytes, Stack size unknown bytes, startup_mimxrt1062.o(.text))
<BR>[Address Reference Count : 1]<UL><LI> startup_mimxrt1062.o(.isr_vector)
</UL>
<P><STRONG><a name="[14]"></a>DMA9_DMA25_IRQHandler</STRONG> (Thumb, 4 bytes, Stack size unknown bytes, startup_mimxrt1062.o(.text))
<BR>[Address Reference Count : 1]<UL><LI> startup_mimxrt1062.o(.isr_vector)
</UL>
<P><STRONG><a name="[15]"></a>DMA10_DMA26_IRQHandler</STRONG> (Thumb, 4 bytes, Stack size unknown bytes, startup_mimxrt1062.o(.text))
<BR>[Address Reference Count : 1]<UL><LI> startup_mimxrt1062.o(.isr_vector)
</UL>
<P><STRONG><a name="[16]"></a>DMA11_DMA27_IRQHandler</STRONG> (Thumb, 4 bytes, Stack size unknown bytes, startup_mimxrt1062.o(.text))
<BR>[Address Reference Count : 1]<UL><LI> startup_mimxrt1062.o(.isr_vector)
</UL>
<P><STRONG><a name="[17]"></a>DMA12_DMA28_IRQHandler</STRONG> (Thumb, 4 bytes, Stack size unknown bytes, startup_mimxrt1062.o(.text))
<BR>[Address Reference Count : 1]<UL><LI> startup_mimxrt1062.o(.isr_vector)
</UL>
<P><STRONG><a name="[18]"></a>DMA13_DMA29_IRQHandler</STRONG> (Thumb, 4 bytes, Stack size unknown bytes, startup_mimxrt1062.o(.text))
<BR>[Address Reference Count : 1]<UL><LI> startup_mimxrt1062.o(.isr_vector)
</UL>
[...]
<LI><a href="#[e5]">&gt;&gt;</a>&nbsp;&nbsp;&nbsp;memset
<LI><a href="#[126]">&gt;&gt;</a>&nbsp;&nbsp;&nbsp;EnableGlobalIRQ
<LI><a href="#[125]">&gt;&gt;</a>&nbsp;&nbsp;&nbsp;DisableGlobalIRQ
</UL>
<BR>[Called By]<UL><LI><a href="#[107]">&gt;&gt;</a>&nbsp;&nbsp;&nbsp;DbgConsole_Init
</UL>

<P><STRONG><a name="[11b]"></a>SerialManager_WriteBlocking</STRONG> (Thumb, 8 bytes, Stack size 8 bytes, serial_manager.o(.text.SerialManager_WriteBlocking))
<BR><BR>[Stack]<UL><LI>Max Depth = 40<LI>Call Chain = SerialManager_WriteBlocking &rArr; SerialManager_Write &rArr;  __aeabi_assert (Cycle)
</UL>
<BR>[Calls]<UL><LI><a href="#[129]">&gt;&gt;</a>&nbsp;&nbsp;&nbsp;SerialManager_Write
</UL>
<BR>[Called By]<UL><LI><a href="#[117]">&gt;&gt;</a>&nbsp;&nbsp;&nbsp;DbgConsole_SendDataReliable
</UL>

<P><STRONG><a name="[124]"></a>Serial_UartInit</STRONG> (Thumb, 108 bytes, Stack size 24 bytes, serial_port_uart.o(.text.Serial_UartInit))
<BR><BR>[Stack]<UL><LI>Max Depth = 400<LI>Call Chain = Serial_UartInit &rArr; HAL_UartInit &rArr; LPUART_Init &rArr; CLOCK_EnableClock &rArr; CLOCK_ControlGate &rArr; __aeabi_assert &rArr; DbgConsole_Printf &rArr; StrFormatPrintf &rArr; PrintOutputxX
</UL>
<BR>[Calls]<UL><LI><a href="#[ff]">&gt;&gt;</a>&nbsp;&nbsp;&nbsp;__aeabi_assert
<LI><a href="#[11c]">&gt;&gt;</a>&nbsp;&nbsp;&nbsp;HAL_UartInit
</UL>
<BR>[Called By]<UL><LI><a href="#[114]">&gt;&gt;</a>&nbsp;&nbsp;&nbsp;SerialManager_Init
</UL>

<P><STRONG><a name="[128]"></a>Serial_UartWrite</STRONG> (Thumb, 86 bytes, Stack size 8 bytes, serial_port_uart.o(.text.Serial_UartWrite))
<BR><BR>[Stack]<UL><LI>Max Depth = 16 + In Cycle
<LI>Call Chain = Serial_UartWrite &rArr;  __aeabi_assert (Cycle)
</UL>
<BR>[Calls]<UL><LI><a href="#[ff]">&gt;&gt;</a>&nbsp;&nbsp;&nbsp;__aeabi_assert
<LI><a href="#[120]">&gt;&gt;</a>&nbsp;&nbsp;&nbsp;HAL_UartSendBlocking
</UL>
<BR>[Called By]<UL><LI><a href="#[127]">&gt;&gt;</a>&nbsp;&nbsp;&nbsp;SerialManager_StartWriting
</UL>

<P><STRONG><a name="[11a]"></a>StrFormatPrintf</STRONG> (Thumb, 398 bytes, Stack size 96 bytes, fsl_str.o(.text.StrFormatPrintf))
<BR><BR>[Stack]<UL><LI>Max Depth = 120<LI>Call Chain = StrFormatPrintf &rArr; PrintOutputxX
</UL>
<BR>[Calls]<UL><LI><a href="#[134]">&gt;&gt;</a>&nbsp;&nbsp;&nbsp;strlen
<LI><a href="#[131]">&gt;&gt;</a>&nbsp;&nbsp;&nbsp;PrintOutputxX
<LI><a href="#[12e]">&gt;&gt;</a>&nbsp;&nbsp;&nbsp;PrintOutputdifFobpu
<LI><a href="#[130]">&gt;&gt;</a>&nbsp;&nbsp;&nbsp;PrintIsxX
<LI><a href="#[132]">&gt;&gt;</a>&nbsp;&nbsp;&nbsp;PrintIsobpu
<LI><a href="#[12f]">&gt;&gt;</a>&nbsp;&nbsp;&nbsp;PrintIsfF
<LI><a href="#[12c]">&gt;&gt;</a>&nbsp;&nbsp;&nbsp;PrintIsdi
<LI><a href="#[12a]">&gt;&gt;</a>&nbsp;&nbsp;&nbsp;PrintGetWidth
<LI><a href="#[133]">&gt;&gt;</a>&nbsp;&nbsp;&nbsp;PrintGetRadixFromobpu
<LI><a href="#[12b]">&gt;&gt;</a>&nbsp;&nbsp;&nbsp;PrintGetPrecision
<LI><a href="#[12d]">&gt;&gt;</a>&nbsp;&nbsp;&nbsp;ConvertRadixNumToString
</UL>
<BR>[Called By]<UL><LI><a href="#[118]">&gt;&gt;</a>&nbsp;&nbsp;&nbsp;DbgConsole_Printf
</UL>

<P><STRONG><a name="[aa]"></a>SystemInit</STRONG> (Thumb, 314 bytes, Stack size 16 bytes, system_mimxrt1062.o(.text.SystemInit))
<BR><BR>[Stack]<UL><LI>Max Depth = 16<LI>Call Chain = SystemInit
</UL>
<BR>[Calls]<UL><LI><a href="#[135]">&gt;&gt;</a>&nbsp;&nbsp;&nbsp;SystemInitHook
</UL>
<BR>[Address Reference Count : 1]<UL><LI> startup_mimxrt1062.o(.text)
</UL>
<P><STRONG><a name="[135]"></a>SystemInitHook</STRONG> (Thumb, 2 bytes, Stack size 0 bytes, system_mimxrt1062.o(.text.SystemInitHook))
<BR><BR>[Called By]<UL><LI><a href="#[aa]">&gt;&gt;</a>&nbsp;&nbsp;&nbsp;SystemInit
</UL>

<P><STRONG><a name="[ff]"></a>__aeabi_assert</STRONG> (Thumb, 60 bytes, Stack size 0 bytes, fsl_assert.o(.text.__aeabi_assert))
<BR><BR>[Stack]<UL><LI>Max Depth = 280<LI>Call Chain = __aeabi_assert &rArr; DbgConsole_Printf &rArr; StrFormatPrintf &rArr; PrintOutputxX
</UL>
<BR>[Calls]<UL><LI><a href="#[118]">&gt;&gt;</a>&nbsp;&nbsp;&nbsp;DbgConsole_Printf
</UL>
<BR>[Called By]<UL><LI><a href="#[107]">&gt;&gt;</a>&nbsp;&nbsp;&nbsp;DbgConsole_Init
<LI><a href="#[103]">&gt;&gt;</a>&nbsp;&nbsp;&nbsp;CLOCK_GetPllFreq
<LI><a href="#[fc]">&gt;&gt;</a>&nbsp;&nbsp;&nbsp;BOARD_ConfigMPU
<LI><a href="#[ea]">&gt;&gt;</a>&nbsp;&nbsp;&nbsp;CLOCK_InitExternalClk
<LI><a href="#[ed]">&gt;&gt;</a>&nbsp;&nbsp;&nbsp;CLOCK_SetMux
<LI><a href="#[ee]">&gt;&gt;</a>&nbsp;&nbsp;&nbsp;CLOCK_SetDiv
<LI><a href="#[10c]">&gt;&gt;</a>&nbsp;&nbsp;&nbsp;CLOCK_ControlGate
<LI><a href="#[128]">&gt;&gt;</a>&nbsp;&nbsp;&nbsp;Serial_UartWrite
<LI><a href="#[124]">&gt;&gt;</a>&nbsp;&nbsp;&nbsp;Serial_UartInit
<LI><a href="#[129]">&gt;&gt;</a>&nbsp;&nbsp;&nbsp;SerialManager_Write
<LI><a href="#[120]">&gt;&gt;</a>&nbsp;&nbsp;&nbsp;HAL_UartSendBlocking
<LI><a href="#[11c]">&gt;&gt;</a>&nbsp;&nbsp;&nbsp;HAL_UartInit
<LI><a href="#[115]">&gt;&gt;</a>&nbsp;&nbsp;&nbsp;SerialManager_OpenWriteHandle
<LI><a href="#[116]">&gt;&gt;</a>&nbsp;&nbsp;&nbsp;SerialManager_OpenReadHandle
<LI><a href="#[114]">&gt;&gt;</a>&nbsp;&nbsp;&nbsp;SerialManager_Init
<LI><a href="#[117]">&gt;&gt;</a>&nbsp;&nbsp;&nbsp;DbgConsole_SendDataReliable
<LI><a href="#[121]">&gt;&gt;</a>&nbsp;&nbsp;&nbsp;LPUART_WriteBlocking
<LI><a href="#[11e]">&gt;&gt;</a>&nbsp;&nbsp;&nbsp;LPUART_Init
<LI><a href="#[122]">&gt;&gt;</a>&nbsp;&nbsp;&nbsp;LPUART_GetInstance
<LI><a href="#[11d]">&gt;&gt;</a>&nbsp;&nbsp;&nbsp;LPUART_GetDefaultConfig
<LI><a href="#[10d]">&gt;&gt;</a>&nbsp;&nbsp;&nbsp;CLOCK_ControlGate
</UL>

<P><STRONG><a name="[a9]"></a>main</STRONG> (Thumb, 122 bytes, Stack size 256 bytes, hello_world.o(.text.main))
<BR><BR>[Stack]<UL><LI>Max Depth = 712<LI>Call Chain = main &rArr; BOARD_InitDebugConsole &rArr; DbgConsole_Init &rArr; SerialManager_Init &rArr; Serial_UartInit &rArr; HAL_UartInit &rArr; LPUART_Init &rArr; CLOCK_EnableClock &rArr; CLOCK_ControlGate &rArr; __aeabi_assert &rArr; DbgConsole_Printf &rArr; StrFormatPrintf &rArr; PrintOutputxX
</UL>
<BR>[Calls]<UL><LI><a href="#[136]">&gt;&gt;</a>&nbsp;&nbsp;&nbsp;Reloc
<LI><a href="#[108]">&gt;&gt;</a>&nbsp;&nbsp;&nbsp;BOARD_InitPins
<LI><a href="#[106]">&gt;&gt;</a>&nbsp;&nbsp;&nbsp;BOARD_InitDebugConsole
<LI><a href="#[105]">&gt;&gt;</a>&nbsp;&nbsp;&nbsp;BOARD_InitBootClocks
<LI><a href="#[fc]">&gt;&gt;</a>&nbsp;&nbsp;&nbsp;BOARD_ConfigMPU
<LI><a href="#[e5]">&gt;&gt;</a>&nbsp;&nbsp;&nbsp;memset
<LI><a href="#[119]">&gt;&gt;</a>&nbsp;&nbsp;&nbsp;__aeabi_memclr4
<LI><a href="#[137]">&gt;&gt;</a>&nbsp;&nbsp;&nbsp;memcpy
</UL>
<BR>[Address Reference Count : 1]<UL><LI> entry9a.o(.ARM.Collect$$$$0000000B)
</UL>
<P><STRONG><a name="[147]"></a>__scatterload_copy</STRONG> (Thumb, 14 bytes, Stack size unknown bytes, handlers.o(i.__scatterload_copy), UNUSED)

<P><STRONG><a name="[148]"></a>__scatterload_null</STRONG> (Thumb, 2 bytes, Stack size unknown bytes, handlers.o(i.__scatterload_null), UNUSED)

<P><STRONG><a name="[149]"></a>__scatterload_zeroinit</STRONG> (Thumb, 14 bytes, Stack size unknown bytes, handlers.o(i.__scatterload_zeroinit), UNUSED)
<P>
<H3>
Local Symbols
</H3>
<P><STRONG><a name="[10e]"></a>CLOCK_ControlGate</STRONG> (Thumb, 18 bytes, Stack size 0 bytes, pin_mux.o(.text.CLOCK_ControlGate))
<BR><BR>[Called By]<UL><LI><a href="#[109]">&gt;&gt;</a>&nbsp;&nbsp;&nbsp;CLOCK_EnableClock
</UL>

<P><STRONG><a name="[109]"></a>CLOCK_EnableClock</STRONG> (Thumb, 8 bytes, Stack size 8 bytes, pin_mux.o(.text.CLOCK_EnableClock))
<BR><BR>[Stack]<UL><LI>Max Depth = 8<LI>Call Chain = CLOCK_EnableClock
</UL>
<BR>[Calls]<UL><LI><a href="#[10e]">&gt;&gt;</a>&nbsp;&nbsp;&nbsp;CLOCK_ControlGate
</UL>
<BR>[Called By]<UL><LI><a href="#[108]">&gt;&gt;</a>&nbsp;&nbsp;&nbsp;BOARD_InitPins
</UL>

<P><STRONG><a name="[10b]"></a>IOMUXC_SetPinConfig</STRONG> (Thumb, 4 bytes, Stack size 0 bytes, pin_mux.o(.text.IOMUXC_SetPinConfig))
<BR><BR>[Called By]<UL><LI><a href="#[108]">&gt;&gt;</a>&nbsp;&nbsp;&nbsp;BOARD_InitPins
</UL>

<P><STRONG><a name="[10a]"></a>IOMUXC_SetPinMux</STRONG> (Thumb, 8 bytes, Stack size 0 bytes, pin_mux.o(.text.IOMUXC_SetPinMux))
<BR><BR>[Called By]<UL><LI><a href="#[108]">&gt;&gt;</a>&nbsp;&nbsp;&nbsp;BOARD_InitPins
</UL>

<P><STRONG><a name="[fd]"></a>ARM_MPU_Disable</STRONG> (Thumb, 30 bytes, Stack size 0 bytes, board.o(.text.ARM_MPU_Disable))
<BR><BR>[Called By]<UL><LI><a href="#[fc]">&gt;&gt;</a>&nbsp;&nbsp;&nbsp;BOARD_ConfigMPU
</UL>

<P><STRONG><a name="[fe]"></a>ARM_MPU_Enable</STRONG> (Thumb, 30 bytes, Stack size 0 bytes, board.o(.text.ARM_MPU_Enable))
<BR><BR>[Called By]<UL><LI><a href="#[fc]">&gt;&gt;</a>&nbsp;&nbsp;&nbsp;BOARD_ConfigMPU
</UL>

<P><STRONG><a name="[104]"></a>CLOCK_GetDiv</STRONG> (Thumb, 16 bytes, Stack size 0 bytes, board.o(.text.CLOCK_GetDiv))
<BR><BR>[Called By]<UL><LI><a href="#[100]">&gt;&gt;</a>&nbsp;&nbsp;&nbsp;BOARD_DebugConsoleSrcFreq
</UL>

<P><STRONG><a name="[101]"></a>CLOCK_GetMux</STRONG> (Thumb, 16 bytes, Stack size 0 bytes, board.o(.text.CLOCK_GetMux))
<BR><BR>[Called By]<UL><LI><a href="#[100]">&gt;&gt;</a>&nbsp;&nbsp;&nbsp;BOARD_DebugConsoleSrcFreq
</UL>

<P><STRONG><a name="[102]"></a>CLOCK_GetOscFreq</STRONG> (Thumb, 36 bytes, Stack size 0 bytes, board.o(.text.CLOCK_GetOscFreq))
<BR><BR>[Called By]<UL><LI><a href="#[100]">&gt;&gt;</a>&nbsp;&nbsp;&nbsp;BOARD_DebugConsoleSrcFreq
</UL>

<P><STRONG><a name="[10c]"></a>CLOCK_ControlGate</STRONG> (Thumb, 84 bytes, Stack size 0 bytes, clock_config.o(.text.CLOCK_ControlGate))
<BR><BR>[Stack]<UL><LI>Max Depth = 280<LI>Call Chain = CLOCK_ControlGate &rArr; __aeabi_assert &rArr; DbgConsole_Printf &rArr; StrFormatPrintf &rArr; PrintOutputxX
</UL>
<BR>[Calls]<UL><LI><a href="#[ff]">&gt;&gt;</a>&nbsp;&nbsp;&nbsp;__aeabi_assert
</UL>
<BR>[Called By]<UL><LI><a href="#[ef]">&gt;&gt;</a>&nbsp;&nbsp;&nbsp;CLOCK_DisableClock
</UL>

<P><STRONG><a name="[ef]"></a>CLOCK_DisableClock</STRONG> (Thumb, 8 bytes, Stack size 8 bytes, clock_config.o(.text.CLOCK_DisableClock))
<BR><BR>[Stack]<UL><LI>Max Depth = 288<LI>Call Chain = CLOCK_DisableClock &rArr; CLOCK_ControlGate &rArr; __aeabi_assert &rArr; DbgConsole_Printf &rArr; StrFormatPrintf &rArr; PrintOutputxX
</UL>
<BR>[Calls]<UL><LI><a href="#[10c]">&gt;&gt;</a>&nbsp;&nbsp;&nbsp;CLOCK_ControlGate
</UL>
<BR>[Called By]<UL><LI><a href="#[e7]">&gt;&gt;</a>&nbsp;&nbsp;&nbsp;BOARD_BootClockRUN
</UL>

<P><STRONG><a name="[ee]"></a>CLOCK_SetDiv</STRONG> (Thumb, 112 bytes, Stack size 8 bytes, clock_config.o(.text.CLOCK_SetDiv))
<BR><BR>[Stack]<UL><LI>Max Depth = 288<LI>Call Chain = CLOCK_SetDiv &rArr; __aeabi_assert &rArr; DbgConsole_Printf &rArr; StrFormatPrintf &rArr; PrintOutputxX
</UL>
<BR>[Calls]<UL><LI><a href="#[ff]">&gt;&gt;</a>&nbsp;&nbsp;&nbsp;__aeabi_assert
</UL>
<BR>[Called By]<UL><LI><a href="#[e7]">&gt;&gt;</a>&nbsp;&nbsp;&nbsp;BOARD_BootClockRUN
</UL>

<P><STRONG><a name="[ed]"></a>CLOCK_SetMux</STRONG> (Thumb, 112 bytes, Stack size 8 bytes, clock_config.o(.text.CLOCK_SetMux))
<BR><BR>[Stack]<UL><LI>Max Depth = 288<LI>Call Chain = CLOCK_SetMux &rArr; __aeabi_assert &rArr; DbgConsole_Printf &rArr; StrFormatPrintf &rArr; PrintOutputxX
</UL>
<BR>[Calls]<UL><LI><a href="#[ff]">&gt;&gt;</a>&nbsp;&nbsp;&nbsp;__aeabi_assert
</UL>
<BR>[Called By]<UL><LI><a href="#[e7]">&gt;&gt;</a>&nbsp;&nbsp;&nbsp;BOARD_BootClockRUN
</UL>

<P><STRONG><a name="[f6]"></a>CLOCK_SetPllBypass</STRONG> (Thumb, 34 bytes, Stack size 0 bytes, clock_config.o(.text.CLOCK_SetPllBypass))
<BR><BR>[Called By]<UL><LI><a href="#[e7]">&gt;&gt;</a>&nbsp;&nbsp;&nbsp;BOARD_BootClockRUN
</UL>

<P><STRONG><a name="[e8]"></a>CLOCK_SetRtcXtalFreq</STRONG> (Thumb, 16 bytes, Stack size 0 bytes, clock_config.o(.text.CLOCK_SetRtcXtalFreq))
<BR><BR>[Called By]<UL><LI><a href="#[e7]">&gt;&gt;</a>&nbsp;&nbsp;&nbsp;BOARD_BootClockRUN
</UL>

<P><STRONG><a name="[e9]"></a>CLOCK_SetXtalFreq</STRONG> (Thumb, 20 bytes, Stack size 0 bytes, clock_config.o(.text.CLOCK_SetXtalFreq))
<BR><BR>[Called By]<UL><LI><a href="#[e7]">&gt;&gt;</a>&nbsp;&nbsp;&nbsp;BOARD_BootClockRUN
</UL>

<P><STRONG><a name="[fb]"></a>IOMUXC_EnableMode</STRONG> (Thumb, 24 bytes, Stack size 0 bytes, clock_config.o(.text.IOMUXC_EnableMode))
<BR><BR>[Called By]<UL><LI><a href="#[e7]">&gt;&gt;</a>&nbsp;&nbsp;&nbsp;BOARD_BootClockRUN
</UL>

<P><STRONG><a name="[fa]"></a>IOMUXC_MQSConfig</STRONG> (Thumb, 24 bytes, Stack size 0 bytes, clock_config.o(.text.IOMUXC_MQSConfig))
<BR><BR>[Called By]<UL><LI><a href="#[e7]">&gt;&gt;</a>&nbsp;&nbsp;&nbsp;BOARD_BootClockRUN
</UL>

<P><STRONG><a name="[f9]"></a>IOMUXC_SetSaiMClkClockSource</STRONG> (Thumb, 30 bytes, Stack size 0 bytes, clock_config.o(.text.IOMUXC_SetSaiMClkClockSource))
<BR><BR>[Called By]<UL><LI><a href="#[e7]">&gt;&gt;</a>&nbsp;&nbsp;&nbsp;BOARD_BootClockRUN
</UL>

<P><STRONG><a name="[111]"></a>CLOCK_GetOscFreq</STRONG> (Thumb, 36 bytes, Stack size 0 bytes, fsl_clock.o(.text.CLOCK_GetOscFreq))
<BR><BR>[Called By]<UL><LI><a href="#[110]">&gt;&gt;</a>&nbsp;&nbsp;&nbsp;CLOCK_GetPllBypassRefClk
</UL>

<P><STRONG><a name="[110]"></a>CLOCK_GetPllBypassRefClk</STRONG> (Thumb, 32 bytes, Stack size 8 bytes, fsl_clock.o(.text.CLOCK_GetPllBypassRefClk))
<BR><BR>[Stack]<UL><LI>Max Depth = 8<LI>Call Chain = CLOCK_GetPllBypassRefClk
</UL>
<BR>[Calls]<UL><LI><a href="#[111]">&gt;&gt;</a>&nbsp;&nbsp;&nbsp;CLOCK_GetOscFreq
</UL>
<BR>[Called By]<UL><LI><a href="#[103]">&gt;&gt;</a>&nbsp;&nbsp;&nbsp;CLOCK_GetPllFreq
</UL>

<P><STRONG><a name="[113]"></a>CLOCK_IsPllBypassed</STRONG> (Thumb, 20 bytes, Stack size 0 bytes, fsl_clock.o(.text.CLOCK_IsPllBypassed))
<BR><BR>[Called By]<UL><LI><a href="#[103]">&gt;&gt;</a>&nbsp;&nbsp;&nbsp;CLOCK_GetPllFreq
</UL>

<P><STRONG><a name="[112]"></a>CLOCK_IsPllEnabled</STRONG> (Thumb, 28 bytes, Stack size 0 bytes, fsl_clock.o(.text.CLOCK_IsPllEnabled))
<BR><BR>[Called By]<UL><LI><a href="#[103]">&gt;&gt;</a>&nbsp;&nbsp;&nbsp;CLOCK_GetPllFreq
</UL>

<P><STRONG><a name="[10d]"></a>CLOCK_ControlGate</STRONG> (Thumb, 140 bytes, Stack size 8 bytes, fsl_lpuart.o(.text.CLOCK_ControlGate))
<BR><BR>[Stack]<UL><LI>Max Depth = 288<LI>Call Chain = CLOCK_ControlGate &rArr; __aeabi_assert &rArr; DbgConsole_Printf &rArr; StrFormatPrintf &rArr; PrintOutputxX
</UL>
<BR>[Calls]<UL><LI><a href="#[ff]">&gt;&gt;</a>&nbsp;&nbsp;&nbsp;__aeabi_assert
</UL>
<BR>[Called By]<UL><LI><a href="#[10f]">&gt;&gt;</a>&nbsp;&nbsp;&nbsp;CLOCK_EnableClock
</UL>

<P><STRONG><a name="[10f]"></a>CLOCK_EnableClock</STRONG> (Thumb, 10 bytes, Stack size 8 bytes, fsl_lpuart.o(.text.CLOCK_EnableClock))
<BR><BR>[Stack]<UL><LI>Max Depth = 296<LI>Call Chain = CLOCK_EnableClock &rArr; CLOCK_ControlGate &rArr; __aeabi_assert &rArr; DbgConsole_Printf &rArr; StrFormatPrintf &rArr; PrintOutputxX
</UL>
<BR>[Calls]<UL><LI><a href="#[10d]">&gt;&gt;</a>&nbsp;&nbsp;&nbsp;CLOCK_ControlGate
</UL>
<BR>[Called By]<UL><LI><a href="#[11e]">&gt;&gt;</a>&nbsp;&nbsp;&nbsp;LPUART_Init
</UL>

<P><STRONG><a name="[123]"></a>LPUART_SoftwareReset</STRONG> (Thumb, 18 bytes, Stack size 0 bytes, fsl_lpuart.o(.text.LPUART_SoftwareReset))
<BR><BR>[Called By]<UL><LI><a href="#[11e]">&gt;&gt;</a>&nbsp;&nbsp;&nbsp;LPUART_Init
</UL>

<P><STRONG><a name="[e0]"></a>DbgConsole_PrintCallback</STRONG> (Thumb, 68 bytes, Stack size 24 bytes, fsl_debug_console.o(.text.DbgConsole_PrintCallback))
<BR><BR>[Stack]<UL><LI>Max Depth = 72<LI>Call Chain = DbgConsole_PrintCallback &rArr; DbgConsole_SendDataReliable &rArr;  __aeabi_assert (Cycle)
</UL>
<BR>[Calls]<UL><LI><a href="#[117]">&gt;&gt;</a>&nbsp;&nbsp;&nbsp;DbgConsole_SendDataReliable
</UL>
<BR>[Address Reference Count : 1]<UL><LI> fsl_debug_console.o(.text.DbgConsole_Printf)
</UL>
<P><STRONG><a name="[12d]"></a>ConvertRadixNumToString</STRONG> (Thumb, 122 bytes, Stack size 16 bytes, fsl_str.o(.text.ConvertRadixNumToString))
<BR><BR>[Stack]<UL><LI>Max Depth = 16<LI>Call Chain = ConvertRadixNumToString
</UL>
<BR>[Called By]<UL><LI><a href="#[11a]">&gt;&gt;</a>&nbsp;&nbsp;&nbsp;StrFormatPrintf
</UL>

<P><STRONG><a name="[12b]"></a>PrintGetPrecision</STRONG> (Thumb, 40 bytes, Stack size 0 bytes, fsl_str.o(.text.PrintGetPrecision))
<BR><BR>[Called By]<UL><LI><a href="#[11a]">&gt;&gt;</a>&nbsp;&nbsp;&nbsp;StrFormatPrintf
</UL>

<P><STRONG><a name="[133]"></a>PrintGetRadixFromobpu</STRONG> (Thumb, 26 bytes, Stack size 0 bytes, fsl_str.o(.text.PrintGetRadixFromobpu))
<BR><BR>[Called By]<UL><LI><a href="#[11a]">&gt;&gt;</a>&nbsp;&nbsp;&nbsp;StrFormatPrintf
</UL>

<P><STRONG><a name="[12a]"></a>PrintGetWidth</STRONG> (Thumb, 62 bytes, Stack size 8 bytes, fsl_str.o(.text.PrintGetWidth))
<BR><BR>[Stack]<UL><LI>Max Depth = 8<LI>Call Chain = PrintGetWidth
</UL>
<BR>[Called By]<UL><LI><a href="#[11a]">&gt;&gt;</a>&nbsp;&nbsp;&nbsp;StrFormatPrintf
</UL>

<P><STRONG><a name="[12c]"></a>PrintIsdi</STRONG> (Thumb, 16 bytes, Stack size 0 bytes, fsl_str.o(.text.PrintIsdi))
<BR><BR>[Called By]<UL><LI><a href="#[11a]">&gt;&gt;</a>&nbsp;&nbsp;&nbsp;StrFormatPrintf
</UL>

<P><STRONG><a name="[12f]"></a>PrintIsfF</STRONG> (Thumb, 14 bytes, Stack size 0 bytes, fsl_str.o(.text.PrintIsfF))
<BR><BR>[Called By]<UL><LI><a href="#[11a]">&gt;&gt;</a>&nbsp;&nbsp;&nbsp;StrFormatPrintf
</UL>

<P><STRONG><a name="[132]"></a>PrintIsobpu</STRONG> (Thumb, 32 bytes, Stack size 0 bytes, fsl_str.o(.text.PrintIsobpu))
<BR><BR>[Called By]<UL><LI><a href="#[11a]">&gt;&gt;</a>&nbsp;&nbsp;&nbsp;StrFormatPrintf
</UL>

<P><STRONG><a name="[130]"></a>PrintIsxX</STRONG> (Thumb, 14 bytes, Stack size 0 bytes, fsl_str.o(.text.PrintIsxX))
<BR><BR>[Called By]<UL><LI><a href="#[11a]">&gt;&gt;</a>&nbsp;&nbsp;&nbsp;StrFormatPrintf
</UL>

<P><STRONG><a name="[12e]"></a>PrintOutputdifFobpu</STRONG> (Thumb, 50 bytes, Stack size 24 bytes, fsl_str.o(.text.PrintOutputdifFobpu))
<BR><BR>[Stack]<UL><LI>Max Depth = 24<LI>Call Chain = PrintOutputdifFobpu
</UL>
<BR>[Called By]<UL><LI><a href="#[11a]">&gt;&gt;</a>&nbsp;&nbsp;&nbsp;StrFormatPrintf
</UL>

<P><STRONG><a name="[131]"></a>PrintOutputxX</STRONG> (Thumb, 50 bytes, Stack size 24 bytes, fsl_str.o(.text.PrintOutputxX))
<BR><BR>[Stack]<UL><LI>Max Depth = 24<LI>Call Chain = PrintOutputxX
</UL>
<BR>[Called By]<UL><LI><a href="#[11a]">&gt;&gt;</a>&nbsp;&nbsp;&nbsp;StrFormatPrintf
</UL>

<P><STRONG><a name="[11f]"></a>HAL_UartGetStatus</STRONG> (Thumb, 10 bytes, Stack size 0 bytes, lpuart_adapter.o(.text.HAL_UartGetStatus))
<BR><BR>[Called By]<UL><LI><a href="#[11c]">&gt;&gt;</a>&nbsp;&nbsp;&nbsp;HAL_UartInit
</UL>

<P><STRONG><a name="[125]"></a>DisableGlobalIRQ</STRONG> (Thumb, 12 bytes, Stack size 0 bytes, serial_manager.o(.text.DisableGlobalIRQ))
<BR><BR>[Called By]<UL><LI><a href="#[115]">&gt;&gt;</a>&nbsp;&nbsp;&nbsp;SerialManager_OpenWriteHandle
<LI><a href="#[116]">&gt;&gt;</a>&nbsp;&nbsp;&nbsp;SerialManager_OpenReadHandle
</UL>

<P><STRONG><a name="[126]"></a>EnableGlobalIRQ</STRONG> (Thumb, 6 bytes, Stack size 0 bytes, serial_manager.o(.text.EnableGlobalIRQ))
<BR><BR>[Called By]<UL><LI><a href="#[115]">&gt;&gt;</a>&nbsp;&nbsp;&nbsp;SerialManager_OpenWriteHandle
<LI><a href="#[116]">&gt;&gt;</a>&nbsp;&nbsp;&nbsp;SerialManager_OpenReadHandle
</UL>

<P><STRONG><a name="[127]"></a>SerialManager_StartWriting</STRONG> (Thumb, 22 bytes, Stack size 8 bytes, serial_manager.o(.text.SerialManager_StartWriting))
<BR><BR>[Stack]<UL><LI>Max Depth = 24<LI>Call Chain = SerialManager_StartWriting &rArr; Serial_UartWrite &rArr;  __aeabi_assert (Cycle)
</UL>
<BR>[Calls]<UL><LI><a href="#[128]">&gt;&gt;</a>&nbsp;&nbsp;&nbsp;Serial_UartWrite
</UL>
<BR>[Called By]<UL><LI><a href="#[129]">&gt;&gt;</a>&nbsp;&nbsp;&nbsp;SerialManager_Write
</UL>

<P><STRONG><a name="[129]"></a>SerialManager_Write</STRONG> (Thumb, 114 bytes, Stack size 8 bytes, serial_manager.o(.text.SerialManager_Write))
<BR><BR>[Stack]<UL><LI>Max Depth = 32 + In Cycle
<LI>Call Chain = SerialManager_Write &rArr;  __aeabi_assert (Cycle)
</UL>
<BR>[Calls]<UL><LI><a href="#[ff]">&gt;&gt;</a>&nbsp;&nbsp;&nbsp;__aeabi_assert
<LI><a href="#[127]">&gt;&gt;</a>&nbsp;&nbsp;&nbsp;SerialManager_StartWriting
</UL>
<BR>[Called By]<UL><LI><a href="#[11b]">&gt;&gt;</a>&nbsp;&nbsp;&nbsp;SerialManager_WriteBlocking
</UL>
<P>
<H3>
Undefined Global Symbols
</H3><HR></body></html>
